TAR__clib_malloc_heap_size      = $FFFFFFFF ; L zx_crt
TAR__crt_interrupt_mode         = $FFFFFFFF ; L zx_crt
__clib_malloc_heap_size         = $FFFFFFFF ; L zx_crt
__crt_interrupt_mode            = $FFFFFFFF ; L zx_crt
CRT_OTERM_TEXT_COLOR_MASK       = $0000 ; L zx_crt
CRT_OTERM_WINDOW_X              = $0000 ; L zx_crt
CRT_OTERM_WINDOW_Y              = $0000 ; L zx_crt
DEF__crt_enable_trap            = $0000 ; L zx_crt
IOCTL_RESET                     = $0000 ; G zx_crt
SP1V_DISPORIGX                  = $0000 ; G zx_crt
SP1V_DISPORIGY                  = $0000 ; G zx_crt
STDIO_SEEK_SET                  = $0000 ; G zx_crt
TAR__clib_balloc_table_size     = $0000 ; L zx_crt
TAR__clib_exit_stack_size       = $0000 ; L zx_crt
TAR__clib_fopen_max             = $0000 ; L zx_crt
TAR__clib_open_max              = $0000 ; L zx_crt
TAR__clib_quickexit_stack_size  = $0000 ; L zx_crt
TAR__crt_enable_commandline     = $0000 ; L zx_crt
TAR__crt_enable_nmi             = $0000 ; L zx_crt
TAR__crt_enable_restart         = $0000 ; L zx_crt
TAR__crt_enable_rst             = $0000 ; L zx_crt
TAR__crt_include_preamble       = $0000 ; L zx_crt
TAR__crt_initialize_bss         = $0000 ; L zx_crt
TAR__crt_model                  = $0000 ; L zx_crt
TAR__crt_org_bss                = $0000 ; L zx_crt
TAR__crt_org_data               = $0000 ; L zx_crt
TAR__crt_org_vector_table       = $0000 ; L zx_crt
__BANK_00_size                  = $0000 ; G 
__BANK_01_size                  = $0000 ; G 
__BANK_02_size                  = $0000 ; G 
__BANK_03_size                  = $0000 ; G 
__BANK_04_size                  = $0000 ; G 
__BANK_05_size                  = $0000 ; G 
__BANK_06_size                  = $0000 ; G 
__BANK_07_size                  = $0000 ; G 
__BIFROST2_HOLE_SIZE            = $0000 ; G zx_crt
__BIFROSTH_SHIFT_COLUMNS        = $0000 ; G zx_crt
__BIFROSTH_SPRITE_MODE          = $0000 ; G zx_crt
__BSS_END_size                  = $0000 ; G 
__BSS_size                      = $0000 ; G 
__CLIB_OPT_ERROR                = $0000 ; L error_ebdfd_zc
__CLIB_OPT_ERROR                = $0000 ; L error_edom_mc
__CLIB_OPT_ERROR                = $0000 ; L error_einval_zc
__CLIB_OPT_ERROR                = $0000 ; L error_enolck_zc
__CLIB_OPT_ERROR                = $0000 ; L error_enotsup_mc
__CLIB_OPT_ERROR                = $0000 ; L error_enotsup_zc
__CLIB_OPT_ERROR                = $0000 ; G zx_crt
__CLIB_OPT_FASTCOPY             = $0000 ; L asm_memset
__CLIB_OPT_FASTCOPY             = $0000 ; L asm_zx_cls
__CLIB_OPT_FASTCOPY             = $0000 ; G zx_crt
__CLIB_OPT_IMATH                = $0000 ; L l_divs_16_16x16
__CLIB_OPT_IMATH                = $0000 ; G zx_crt
__CLIB_OPT_IMATH_SELECT         = $0000 ; G zx_crt
__CLIB_OPT_MULTITHREAD          = $0000 ; L asm_vioctl
__CLIB_OPT_MULTITHREAD          = $0000 ; G zx_crt
__CLIB_OPT_NUM2TXT              = $0000 ; G zx_crt
__CLIB_OPT_NUM2TXT_SELECT       = $0000 ; G zx_crt
__CLIB_OPT_PRINTF_2             = $0000 ; G zx_crt
__CLIB_OPT_SCANF_2              = $0000 ; G zx_crt
__CLIB_OPT_SORT_INSERTION       = $0000 ; G zx_crt
__CLIB_OPT_SORT_QSORT_PIVOT_MID = $0000 ; G zx_crt
__CLIB_OPT_STDIO                = $0000 ; G zx_crt
__CLIB_OPT_STRTOD               = $0000 ; G zx_crt
__CLIB_OPT_TXT2NUM_SELECT       = $0000 ; G zx_crt
__CODE_END_size                 = $0000 ; G 
__CPU_INFO                      = $0000 ; G zx_crt
__CRTCFG                        = $0000 ; L zx_crt
__DATA_END_size                 = $0000 ; G 
__DATA_size                     = $0000 ; G 
__EOK                           = $0000 ; G zx_crt
__IGNORE_size                   = $0000 ; G 
__MMAP                          = $0000 ; L zx_crt
__NIRVANAM_HOLE_SIZE            = $0000 ; G zx_crt
__NIRVANAM_OPTIONS              = $0000 ; G zx_crt
__NIRVANAP_HOLE_SIZE            = $0000 ; G zx_crt
__NIRVANAP_OPTIONS              = $0000 ; G zx_crt
__ULAP_COLOR_AMBER_0            = $0000 ; G zx_crt
__ULAP_COLOR_C64_BLACK          = $0000 ; G zx_crt
__ULAP_COLOR_G1_BLACK           = $0000 ; G zx_crt
__ULAP_COLOR_GREEN_0            = $0000 ; G zx_crt
__ULAP_COLOR_HTML_Black         = $0000 ; G zx_crt
__ULAP_COLOR_MONO_BLACK         = $0000 ; G zx_crt
__ULAP_COLOR_MONO_GREY_0        = $0000 ; G zx_crt
__ULAP_COLOR_STD_BLACK          = $0000 ; G zx_crt
__ULAP_COLOR_ZX_BLACK           = $0000 ; G zx_crt
__ULAP_COLOR_ZX_BRIGHT_BLACK    = $0000 ; G zx_crt
__bss_PSGlib_size               = $0000 ; G 
__bss_SMSlib_size               = $0000 ; G 
__bss_align_128_size            = $0000 ; G 
__bss_align_16_size             = $0000 ; G 
__bss_align_256_size            = $0000 ; G 
__bss_align_2_size              = $0000 ; G 
__bss_align_32_size             = $0000 ; G 
__bss_align_4_size              = $0000 ; G 
__bss_align_64_size             = $0000 ; G 
__bss_align_8_size              = $0000 ; G 
__bss_alloc_balloc_size         = $0000 ; G 
__bss_alloc_malloc_size         = $0000 ; G 
__bss_arch_size                 = $0000 ; G 
__bss_clib_size                 = $0000 ; G 
__bss_compress_aplib_size       = $0000 ; G 
__bss_driver_size               = $0000 ; G 
__bss_fcntl_size                = $0000 ; G 
__bss_font_size                 = $0000 ; G 
__bss_input_size                = $0000 ; G 
__bss_lib_size                  = $0000 ; G 
__bss_sound_bit_size            = $0000 ; G 
__bss_stdio_size                = $0000 ; G 
__bss_string_size               = $0000 ; G 
__bss_user_size                 = $0000 ; G 
__clib_balloc_table_size        = $0000 ; L zx_crt
__clib_exit_stack_size          = $0000 ; L zx_crt
__clib_fopen_max                = $0000 ; G zx_crt
__clib_open_max                 = $0000 ; G zx_crt
__clib_quickexit_stack_size     = $0000 ; L zx_crt
__code_PSGlib_size              = $0000 ; G 
__code_SMSlib_size              = $0000 ; G 
__code_adt_b_vector_size        = $0000 ; G 
__code_adt_ba_priority_queue_size = $0000 ; G 
__code_adt_ba_stack_size        = $0000 ; G 
__code_adt_bv_priority_queue_size = $0000 ; G 
__code_adt_bv_stack_size        = $0000 ; G 
__code_adt_p_forward_list_alt_size = $0000 ; G 
__code_adt_p_forward_list_size  = $0000 ; G 
__code_adt_p_list_size          = $0000 ; G 
__code_adt_p_queue_size         = $0000 ; G 
__code_adt_p_stack_size         = $0000 ; G 
__code_adt_w_array_size         = $0000 ; G 
__code_adt_w_vector_size        = $0000 ; G 
__code_adt_wa_priority_queue_size = $0000 ; G 
__code_adt_wa_stack_size        = $0000 ; G 
__code_adt_wv_priority_queue_size = $0000 ; G 
__code_adt_wv_stack_size        = $0000 ; G 
__code_alloc_balloc_size        = $0000 ; G 
__code_alloc_obstack_size       = $0000 ; G 
__code_bifrost2_size            = $0000 ; G 
__code_bifrost_h_size           = $0000 ; G 
__code_bifrost_l_size           = $0000 ; G 
__code_clib_size                = $0000 ; G 
__code_compress_aplib_size      = $0000 ; G 
__code_compress_zx7_size        = $0000 ; G 
__code_crt_common_size          = $0000 ; G 
__code_crt_exit_size            = $0000 ; G 
__code_driver_character_output_size = $0000 ; G 
__code_driver_memstream_size    = $0000 ; G 
__code_driver_size              = $0000 ; G 
__code_driver_tty_size          = $0000 ; G 
__code_font_fzx_size            = $0000 ; G 
__code_font_size                = $0000 ; G 
__code_fp_genmath_size          = $0000 ; G 
__code_fp_math48_size           = $0000 ; G 
__code_im2_size                 = $0000 ; G 
__code_inttypes_size            = $0000 ; G 
__code_l_sccz80_size            = $0000 ; G 
__code_lib_size                 = $0000 ; G 
__code_locale_size              = $0000 ; G 
__code_network_size             = $0000 ; G 
__code_nirvanam_size            = $0000 ; G 
__code_nirvanap_size            = $0000 ; G 
__code_setjmp_size              = $0000 ; G 
__code_temp_sp1_size            = $0000 ; G 
__code_threads_size             = $0000 ; G 
__code_user_size                = $0000 ; G 
__code_vector_head              = $0000 ; G 
__code_vector_size              = $0000 ; G 
__code_vector_tail              = $0000 ; G 
__code_z180_size                = $0000 ; G 
__crt_enable_commandline        = $0000 ; L zx_crt
__crt_enable_restart            = $0000 ; L zx_crt
__crt_include_preamble          = $0000 ; L zx_crt
__crt_initialize_bss            = $0000 ; L zx_crt
__crt_model                     = $0000 ; L zx_crt
__crt_org_bss                   = $0000 ; L zx_crt
__crt_org_data                  = $0000 ; L zx_crt
__crt_org_vector_table          = $0000 ; L zx_crt
__data_PSGlib_size              = $0000 ; G 
__data_SMSlib_size              = $0000 ; G 
__data_align_128_size           = $0000 ; G 
__data_align_16_size            = $0000 ; G 
__data_align_256_size           = $0000 ; G 
__data_align_2_size             = $0000 ; G 
__data_align_32_size            = $0000 ; G 
__data_align_4_size             = $0000 ; G 
__data_align_64_size            = $0000 ; G 
__data_align_8_size             = $0000 ; G 
__data_alloc_balloc_size        = $0000 ; G 
__data_clib_size                = $0000 ; G 
__data_compiler_size            = $0000 ; G 
__data_driver_size              = $0000 ; G 
__data_font_size                = $0000 ; G 
__data_lib_size                 = $0000 ; G 
__data_sound_bit_size           = $0000 ; G 
__data_user_size                = $0000 ; G 
__exit_stack_size               = $0000 ; G zx_crt
__head                          = $0000 ; G 
__quickexit_stack_size          = $0000 ; G zx_crt
__rodata_SMSlib_size            = $0000 ; G 
__rodata_arch_size              = $0000 ; G 
__rodata_clib_size              = $0000 ; G 
__rodata_compiler_size          = $0000 ; G 
__rodata_driver_size            = $0000 ; G 
__rodata_error_strings_size     = $0000 ; G 
__rodata_fcntl_size             = $0000 ; G 
__rodata_font_4x8_size          = $0000 ; G 
__rodata_font_8x8_size          = $0000 ; G 
__rodata_font_fzx_size          = $0000 ; G 
__rodata_font_size              = $0000 ; G 
__rodata_lib_size               = $0000 ; G 
__rodata_sound_bit_size         = $0000 ; G 
__rodata_stdio_size             = $0000 ; G 
__rodata_stdlib_size            = $0000 ; G 
__rodata_user_size              = $0000 ; G 
__smc_clib_size                 = $0000 ; G 
__smc_compiler_size             = $0000 ; G 
__smc_driver_size               = $0000 ; G 
__smc_fcntl_size                = $0000 ; G 
__smc_font_size                 = $0000 ; G 
__smc_l_size                    = $0000 ; G 
__smc_lib_size                  = $0000 ; G 
__smc_sound_bit_size            = $0000 ; G 
__smc_user_size                 = $0000 ; G 
thrd_success                    = $0000 ; G zx_crt
CRT_ITERM_INKEY_DEBOUNCE        = $0001 ; L zx_crt
STDIO_MSG_PUTC                  = $0001 ; G zx_crt
STDIO_SEEK_CUR                  = $0001 ; G zx_crt
TAR__crt_enable_close           = $0001 ; L zx_crt
TAR__crt_enable_eidi            = $0001 ; L zx_crt
__CLIB_OPT_ERROR_ENABLED        = $0001 ; G zx_crt
__CLIB_OPT_FASTCOPY_MEMCPY      = $0001 ; G zx_crt
__CLIB_OPT_IMATH_FAST_DIV_UNROLL = $0001 ; G zx_crt
__CLIB_OPT_IMATH_SELECT_FAST_ASR = $0001 ; G zx_crt
__CLIB_OPT_MULTITHREAD_LOCK_HEAPS = $0001 ; G zx_crt
__CLIB_OPT_NUM2TXT_INT_BIN      = $0001 ; G zx_crt
__CLIB_OPT_NUM2TXT_SELECT_FAST_BIN = $0001 ; G zx_crt
__CLIB_OPT_PRINTF_2_lld         = $0001 ; G zx_crt
__CLIB_OPT_PRINTF_d             = $0001 ; G zx_crt
__CLIB_OPT_SCANF_2_lld          = $0001 ; G zx_crt
__CLIB_OPT_SCANF_d              = $0001 ; G zx_crt
__CLIB_OPT_SORT                 = $0001 ; G zx_crt
__CLIB_OPT_SORT_QSORT_PIVOT_RAN = $0001 ; G zx_crt
__CLIB_OPT_SORT_SHELL           = $0001 ; G zx_crt
__CLIB_OPT_STDIO_VALID          = $0001 ; G zx_crt
__CLIB_OPT_STRTOD_INF           = $0001 ; G zx_crt
__CLIB_OPT_STRTOD_NAN           = $0001 ; G zx_crt
__CLIB_OPT_TXT2NUM_INT_BIN      = $0001 ; G zx_crt
__CLIB_OPT_TXT2NUM_SELECT_FAST_BIN = $0001 ; G zx_crt
__CPU_INFO_ENABLE_SLL           = $0001 ; G zx_crt
__EACCES                        = $0001 ; G zx_crt
__NIRVANAM_OPTIONS_WIDE_DRAW    = $0001 ; G zx_crt
__NIRVANAP_OPTIONS_WIDE_DRAW    = $0001 ; G zx_crt
__SDCC                          = $0001 ; L __stdio_nextarg_bc
__SDCC                          = $0001 ; L __stdio_nextarg_de
__SDCC                          = $0001 ; L __stdio_nextarg_hl
__SDCC_IY                       = $0001 ; L __stdio_nextarg_bc
__SDCC_IY                       = $0001 ; L __stdio_nextarg_de
__SDCC_IY                       = $0001 ; L __stdio_nextarg_hl
__SDCC_IY                       = $0001 ; L zx_crt
__SOUND_BIT_METHOD              = $0001 ; L asm_bit_beep_raw
__SOUND_BIT_METHOD              = $0001 ; G zx_crt
__SPECTRUM                      = $0001 ; G zx_crt
__SPECTRUM_48                   = $0001 ; G zx_crt
__ULAP_COLOR_HTML_MidnightBlue  = $0001 ; G zx_crt
__Z80                           = $0001 ; L asm_z80_pop_ei
__Z80                           = $0001 ; L asm_z80_push_di
__Z80                           = $0001 ; G zx_crt
__Z80_NMOS                      = $0001 ; L asm_z80_pop_ei
__Z80_NMOS                      = $0001 ; L asm_z80_push_di
__Z80_NMOS                      = $0001 ; G zx_crt
__crt_enable_close              = $0001 ; L zx_crt
__crt_enable_eidi               = $0001 ; L zx_crt
__data_arch_size                = $0001 ; G 
__data_threads_size             = $0001 ; G 
__rodata_error_string_end_size  = $0001 ; G 
mtx_plain                       = $0001 ; G zx_crt
thrd_error                      = $0001 ; G zx_crt
STDIO_MSG_WRIT                  = $0002 ; G zx_crt
STDIO_SEEK_END                  = $0002 ; G zx_crt
__BSS_UNINITIALIZED_size        = $0002 ; G 
__CLIB_OPT_ERROR_VERBOSE        = $0002 ; G zx_crt
__CLIB_OPT_FASTCOPY_MEMSET      = $0002 ; G zx_crt
__CLIB_OPT_IMATH_FAST_DIV_LZEROS = $0002 ; G zx_crt
__CLIB_OPT_IMATH_SELECT_FAST_LSR = $0002 ; G zx_crt
__CLIB_OPT_MULTITHREAD_LOCK_FILES = $0002 ; G zx_crt
__CLIB_OPT_NUM2TXT_INT_OCT      = $0002 ; G zx_crt
__CLIB_OPT_NUM2TXT_SELECT_FAST_OCT = $0002 ; G zx_crt
__CLIB_OPT_PRINTF_2_llu         = $0002 ; G zx_crt
__CLIB_OPT_PRINTF_u             = $0002 ; G zx_crt
__CLIB_OPT_SCANF_2_llu          = $0002 ; G zx_crt
__CLIB_OPT_SCANF_u              = $0002 ; G zx_crt
__CLIB_OPT_SORT_QUICK           = $0002 ; G zx_crt
__CLIB_OPT_STRTOD_HEX           = $0002 ; G zx_crt
__CLIB_OPT_TXT2NUM_INT_OCT      = $0002 ; G zx_crt
__CLIB_OPT_TXT2NUM_SELECT_FAST_OCT = $0002 ; G zx_crt
__EBADF                         = $0002 ; G zx_crt
__NIRVANAM_OPTIONS_WIDE_SPRITES = $0002 ; G zx_crt
__NIRVANAP_OPTIONS_WIDE_SPRITES = $0002 ; G zx_crt
__SPECTRUM_128                  = $0002 ; G zx_crt
__ULAP_COLOR_G1_BLUE            = $0002 ; G zx_crt
__ULAP_COLOR_HTML_DarkBlue      = $0002 ; G zx_crt
__ULAP_COLOR_HTML_Navy          = $0002 ; G zx_crt
__ULAP_COLOR_STD_DARK_BLUE      = $0002 ; G zx_crt
__ULAP_COLOR_ZX_BLUE            = $0002 ; G zx_crt
__Z80_CMOS                      = $0002 ; G zx_crt
__bss_error_size                = $0002 ; G 
__bss_stdlib_size               = $0002 ; G 
__data_alloc_malloc_size        = $0002 ; G 
__data_fcntl_size               = $0002 ; G 
__data_fcntl_stdio_heap_tail_size = $0002 ; G 
mtx_recursive                   = $0002 ; G zx_crt
thrd_nomem                      = $0002 ; G zx_crt
CHAR_CTRL_C                     = $0003 ; G zx_crt
STDIO_MSG_GETC                  = $0003 ; L character_00_input_stdio_msg_read
STDIO_MSG_GETC                  = $0003 ; G zx_crt
__CLIB_OPT_SORT_QSORT_PIVOT     = $0003 ; G zx_crt
__EBDFD                         = $0003 ; G zx_crt
__MAX_FOPEN                     = $0003 ; G zx_crt
__MAX_OPEN                      = $0003 ; G zx_crt
__ULAP_COLOR_HTML_Blue          = $0003 ; G zx_crt
__ULAP_COLOR_HTML_MediumBlue    = $0003 ; G zx_crt
__ULAP_COLOR_RB_BLUE            = $0003 ; G zx_crt
__ULAP_COLOR_STD_BLUE           = $0003 ; G zx_crt
__ULAP_COLOR_ZX_BRIGHT_BLUE     = $0003 ; G zx_crt
__fcntl_fdtbl_size              = $0003 ; G zx_crt
CHAR_CTRL_D                     = $0004 ; L zx_01_input_inkey_iterm_msg_getc
CHAR_CTRL_D                     = $0004 ; G zx_crt
STDIO_MSG_EATC                  = $0004 ; G zx_crt
__BIFROST2_ANIM_GROUP           = $0004 ; G zx_crt
__BIFROSTH_ANIM_GROUP           = $0004 ; G zx_crt
__BIFROSTH_ANIM_SPEED           = $0004 ; G zx_crt
__BIFROSTL_ANIM_GROUP           = $0004 ; G zx_crt
__BIFROSTL_ANIM_SPEED           = $0004 ; G zx_crt
__CLIB_OPT_IMATH_FAST_MUL_UNROLL = $0004 ; G zx_crt
__CLIB_OPT_IMATH_SELECT_FAST_LSL = $0004 ; G zx_crt
__CLIB_OPT_MULTITHREAD_LOCK_FLIST = $0004 ; G zx_crt
__CLIB_OPT_NUM2TXT_INT_DEC      = $0004 ; G zx_crt
__CLIB_OPT_NUM2TXT_SELECT_FAST_DEC = $0004 ; G zx_crt
__CLIB_OPT_PRINTF_2_llx         = $0004 ; G zx_crt
__CLIB_OPT_PRINTF_x             = $0004 ; G zx_crt
__CLIB_OPT_SCANF_2_llx          = $0004 ; G zx_crt
__CLIB_OPT_SCANF_x              = $0004 ; G zx_crt
__CLIB_OPT_SORT_QSORT_ENABLE_INSERTION = $0004 ; G zx_crt
__CLIB_OPT_TXT2NUM              = $0004 ; G zx_crt
__CLIB_OPT_TXT2NUM_INT_DEC      = $0004 ; G zx_crt
__CLIB_OPT_TXT2NUM_SELECT_FAST_DEC = $0004 ; G zx_crt
__EDOM                          = $0004 ; G zx_crt
__SOUND_BIT_TOGGLE_POS          = $0004 ; L asm_bit_beep_raw
__SOUND_BIT_TOGGLE_POS          = $0004 ; G zx_crt
__SPECTRUM_128_P2               = $0004 ; G zx_crt
__ULAP_COLOR_AMBER_1            = $0004 ; G zx_crt
__code_crt_main_size            = $0004 ; G 
__data_stdlib_size              = $0004 ; G 
mtx_timed                       = $0004 ; G zx_crt
thrd_busy                       = $0004 ; G zx_crt
STDIO_MSG_READ                  = $0005 ; G zx_crt
__EFBIG                         = $0005 ; G zx_crt
CHAR_CAPS                       = $0006 ; L console_01_input_proc_getc
CHAR_CAPS                       = $0006 ; G zx_crt
STDIO_MSG_SEEK                  = $0006 ; G zx_crt
__EINVAL                        = $0006 ; G zx_crt
__data_fcntl_fdtable_body_size  = $0006 ; G 
__data_fcntl_stdio_heap_head_size = $0006 ; G 
CHAR_BELL                       = $0007 ; L console_01_output_char_oterm_msg_putc
CHAR_BELL                       = $0007 ; G zx_crt
STDIO_MSG_ICTL                  = $0007 ; L asm_vioctl
STDIO_MSG_ICTL                  = $0007 ; G zx_crt
__BIFROST2_TILE_ORDER           = $0007 ; G zx_crt
__BIFROSTH_TILE_ORDER           = $0007 ; G zx_crt
__BIFROSTL_TILE_ORDER           = $0007 ; G zx_crt
__EMFILE                        = $0007 ; G zx_crt
STDIO_MSG_FLSH                  = $0008 ; G zx_crt
__CLIB_OPT_IMATH_FAST_MUL_LZEROS = $0008 ; G zx_crt
__CLIB_OPT_MULTITHREAD_LOCK_FDTBL = $0008 ; G zx_crt
__CLIB_OPT_NUM2TXT_INT_HEX      = $0008 ; G zx_crt
__CLIB_OPT_NUM2TXT_SELECT_FAST_HEX = $0008 ; G zx_crt
__CLIB_OPT_PRINTF_2_llX         = $0008 ; G zx_crt
__CLIB_OPT_PRINTF_X             = $0008 ; G zx_crt
__CLIB_OPT_SCANF_2_llX          = $0008 ; G zx_crt
__CLIB_OPT_SCANF_X              = $0008 ; G zx_crt
__CLIB_OPT_SORT_QSORT_ENABLE_EQUAL = $0008 ; G zx_crt
__CLIB_OPT_TXT2NUM_INT_HEX      = $0008 ; G zx_crt
__CLIB_OPT_TXT2NUM_SELECT_FAST_HEX = $0008 ; G zx_crt
__ENFILE                        = $0008 ; G zx_crt
__SPECTRUM_128_P2A              = $0008 ; G zx_crt
thrd_timedout                   = $0008 ; G zx_crt
STDIO_MSG_CLOS                  = $0009 ; G zx_crt
__ENOLCK                        = $0009 ; G zx_crt
__code_ctype_size               = $0009 ; G 
__code_l_sdcc_size              = $0009 ; G 
CHAR_LF                         = $000A ; L character_00_input_stdio_msg_read
CHAR_LF                         = $000A ; L console_01_input_proc_getc
CHAR_LF                         = $000A ; L console_01_output_char_iterm_msg_putc
CHAR_LF                         = $000A ; L console_01_output_char_oterm_msg_putc
CHAR_LF                         = $000A ; L zx_01_input_inkey_iterm_msg_getc
CHAR_LF                         = $000A ; G zx_crt
__ENOMEM                        = $000A ; G zx_crt
__ULAP_COLOR_HTML_Indigo        = $000A ; G zx_crt
__ULAP_COLOR_RB_VIOLET          = $000A ; G zx_crt
__ENOTSUP                       = $000B ; G zx_crt
CHAR_BS                         = $000C ; L console_01_input_proc_getc
CHAR_BS                         = $000C ; G zx_crt
__CLIB_OPT_SORT_QSORT           = $000C ; G zx_crt
__CODE_size                     = $000C ; G 
__EOVERFLOW                     = $000C ; G zx_crt
__ULAP_COLOR_G1_MAROON          = $000C ; G zx_crt
CHAR_CR                         = $000D ; L console_01_input_proc_getc
CHAR_CR                         = $000D ; L console_01_output_char_oterm_msg_putc
CHAR_CR                         = $000D ; L zx_01_input_inkey_iterm_msg_getc
CHAR_CR                         = $000D ; G zx_crt
__ERANGE                        = $000D ; G zx_crt
__ESTAT                         = $000E ; G zx_crt
__code_crt_return_size          = $000E ; G 
CRT_ITERM_INKEY_REPEAT_RATE     = $000F ; L zx_crt
ICHAR_MSG_GETC                  = $000F ; G zx_crt
ITERM_MSG_GETC                  = $000F ; L console_01_input_proc_getc
ITERM_MSG_GETC                  = $000F ; G zx_crt
__CLIB_OPT_IMATH_FAST           = $000F ; G zx_crt
__EAGAIN                        = $000F ; G zx_crt
__EWOULDBLOCK                   = $000F ; G zx_crt
__code_stdio_size               = $000F ; G 
ITERM_MSG_INTERRUPT             = $0010 ; L console_01_input_proc_getc
ITERM_MSG_INTERRUPT             = $0010 ; G zx_crt
__CLIB_OPT_MULTITHREAD_LOCK_FDSTR = $0010 ; G zx_crt
__CLIB_OPT_NUM2TXT_LONG_BIN     = $0010 ; G zx_crt
__CLIB_OPT_PRINTF_2_llo         = $0010 ; G zx_crt
__CLIB_OPT_PRINTF_o             = $0010 ; G zx_crt
__CLIB_OPT_SCANF_2_llo          = $0010 ; G zx_crt
__CLIB_OPT_SCANF_o              = $0010 ; G zx_crt
__CLIB_OPT_TXT2NUM_LONG_BIN     = $0010 ; G zx_crt
__SOUND_BIT_TOGGLE              = $0010 ; L asm_bit_beep_raw
__SOUND_BIT_TOGGLE              = $0010 ; G zx_crt
__SPECTRUM_128_P3               = $0010 ; G zx_crt
__ULAP_COLOR_HTML_DarkRed       = $0010 ; G zx_crt
__ULAP_COLOR_HTML_Maroon        = $0010 ; G zx_crt
__ULAP_COLOR_STD_DARK_RED       = $0010 ; G zx_crt
ITERM_MSG_PUTC                  = $0011 ; L console_01_input_proc_echo
ITERM_MSG_PUTC                  = $0011 ; G zx_crt
__code_string_size              = $0011 ; G 
ITERM_MSG_PRINT_CURSOR          = $0012 ; L console_01_input_proc_getc
ITERM_MSG_PRINT_CURSOR          = $0012 ; G zx_crt
__ULAP_COLOR_HTML_DarkMagenta   = $0012 ; G zx_crt
__ULAP_COLOR_HTML_Purple        = $0012 ; G zx_crt
ITERM_MSG_ERASE_CURSOR          = $0013 ; L console_01_input_proc_getc
ITERM_MSG_ERASE_CURSOR          = $0013 ; G zx_crt
__ULAP_COLOR_HTML_DarkViolet    = $0013 ; G zx_crt
__ULAP_COLOR_RB_INDIGO          = $0013 ; G zx_crt
ITERM_MSG_ERASE_CURSOR_PWD      = $0014 ; L console_01_input_proc_getc
ITERM_MSG_ERASE_CURSOR_PWD      = $0014 ; G zx_crt
ITERM_MSG_BS                    = $0015 ; L console_01_input_proc_getc
ITERM_MSG_BS                    = $0015 ; G zx_crt
ITERM_MSG_BS_PWD                = $0016 ; L console_01_input_proc_getc
ITERM_MSG_BS_PWD                = $0016 ; G zx_crt
__BIFROST2_TOTAL_ROWS           = $0016 ; G zx_crt
__NIRVANAM_TOTAL_ROWS           = $0016 ; G zx_crt
ITERM_MSG_READLINE_BEGIN        = $0017 ; L console_01_input_proc_getc
ITERM_MSG_READLINE_BEGIN        = $0017 ; G zx_crt
__NIRVANAP_TOTAL_ROWS           = $0017 ; G zx_crt
__SOUND_BIT_READ_MASK           = $0017 ; L asm_bit_open
__SOUND_BIT_READ_MASK           = $0017 ; G zx_crt
CRT_OTERM_WINDOW_HEIGHT         = $0018 ; L zx_crt
ITERM_MSG_READLINE_END          = $0018 ; L console_01_input_proc_getc
ITERM_MSG_READLINE_END          = $0018 ; G zx_crt
SP1V_DISPHEIGHT                 = $0018 ; G zx_crt
__ULAP_COLOR_HTML_Crimson       = $0018 ; G zx_crt
__ULAP_COLOR_ZX_RED             = $0018 ; G zx_crt
ITERM_MSG_BELL                  = $0019 ; L console_01_input_proc_getc
ITERM_MSG_BELL                  = $0019 ; G zx_crt
CHAR_CTRL_Z                     = $001A ; G zx_crt
__MESSAGE_ITERM_NEXT__          = $001A ; G zx_crt
__ULAP_COLOR_HTML_MediumVioletRed = $001A ; G zx_crt
CHAR_ESC                        = $001B ; L console_01_input_proc_getc
CHAR_ESC                        = $001B ; G zx_crt
__ULAP_COLOR_ZX_MAGENTA         = $001B ; G zx_crt
__ULAP_COLOR_HTML_Red           = $001C ; G zx_crt
__ULAP_COLOR_RB_RED             = $001C ; G zx_crt
__ULAP_COLOR_STD_RED            = $001C ; G zx_crt
__ULAP_COLOR_ZX_BRIGHT_RED      = $001C ; G zx_crt
OCHAR_MSG_PUTC_BIN              = $001E ; G zx_crt
OTERM_MSG_PUTC                  = $001E ; G zx_crt
__ULAP_COLOR_HTML_DeepPink      = $001E ; G zx_crt
OTERM_MSG_TTY                   = $001F ; L console_01_output_char_oterm_msg_putc
OTERM_MSG_TTY                   = $001F ; G zx_crt
__ULAP_COLOR_HTML_Fuchsia       = $001F ; G zx_crt
__ULAP_COLOR_HTML_Magenta       = $001F ; G zx_crt
__ULAP_COLOR_STD_MAGENTA        = $001F ; G zx_crt
__ULAP_COLOR_ZX_BRIGHT_MAGENTA  = $001F ; G zx_crt
__code_threads_mutex_size       = $001F ; G 
CRT_OTERM_WINDOW_WIDTH          = $0020 ; L zx_crt
OCHAR_MSG_PUTC                  = $0020 ; G zx_crt
OTERM_MSG_PRINTC                = $0020 ; L console_01_output_char_oterm_msg_putc
OTERM_MSG_PRINTC                = $0020 ; G zx_crt
SP1V_DISPWIDTH                  = $0020 ; G zx_crt
__CLIB_OPT_FASTCOPY_LDIR        = $0020 ; G zx_crt
__CLIB_OPT_NUM2TXT_LONG_OCT     = $0020 ; G zx_crt
__CLIB_OPT_PRINTF_n             = $0020 ; G zx_crt
__CLIB_OPT_SCANF_n              = $0020 ; G zx_crt
__CLIB_OPT_TXT2NUM_LONG_OCT     = $0020 ; G zx_crt
__SPECTRUM_PENTAGON             = $0020 ; G zx_crt
__ULAP_COLOR_GREEN_1            = $0020 ; G zx_crt
OTERM_MSG_SCROLL                = $0021 ; G zx_crt
OTERM_MSG_CLS                   = $0022 ; G zx_crt
__code_alloc_malloc_size        = $0022 ; G 
OTERM_MSG_PAUSE                 = $0023 ; G zx_crt
OTERM_MSG_BELL                  = $0024 ; L console_01_output_char_oterm_msg_putc
OTERM_MSG_BELL                  = $0024 ; G zx_crt
__ULAP_COLOR_STD_GREY           = $0024 ; G zx_crt
__code_crt_init_size            = $0024 ; G 
OTERM_MSG_PSCROLL               = $0025 ; G zx_crt
__code_driver_general_size      = $0025 ; G 
__MESSAGE_OTERM_NEXT__          = $0026 ; G zx_crt
__ULAP_COLOR_C64_BLUE           = $0026 ; G zx_crt
__ULAP_COLOR_AMBER_2            = $0028 ; G zx_crt
CHAR_PASSWORD                   = $002A ; L console_01_input_proc_echo
CHAR_PASSWORD                   = $002A ; L console_01_input_proc_getc
CHAR_PASSWORD                   = $002A ; G zx_crt
__ULAP_COLOR_HTML_DarkSlateBlue = $002A ; G zx_crt
__ULAP_COLOR_AMBER_3            = $002C ; G zx_crt
CHAR_CURSOR_UC                  = $002D ; L console_01_input_proc_getc
CHAR_CURSOR_UC                  = $002D ; L zx_01_output_char_32_iterm_msg_print_cursor
CHAR_CURSOR_UC                  = $002D ; G zx_crt
__MESSAGE_NEXT__                = $002D ; G zx_crt
__ULAP_COLOR_HTML_RebeccaPurple = $002E ; G zx_crt
__ULAP_COLOR_C64_RED            = $0030 ; G zx_crt
__ERROR_NEXT                    = $0032 ; G zx_crt
__ULAP_COLOR_HTML_BlueViolet    = $0033 ; G zx_crt
__ULAP_COLOR_HTML_DarkOrchid    = $0033 ; G zx_crt
__ULAP_COLOR_HTML_Brown         = $0034 ; G zx_crt
__ULAP_COLOR_HTML_FireBrick     = $0034 ; G zx_crt
CRT_OTERM_BACKGROUND_COLOR      = $0038 ; L zx_crt
CRT_OTERM_TEXT_COLOR            = $0038 ; L zx_crt
__data_stdio_size               = $0039 ; G 
__code_adt_b_array_size         = $003B ; G 
__CLIB_OPT_FASTCOPY_LDIR_SMC    = $0040 ; G zx_crt
__CLIB_OPT_NUM2TXT_LONG_DEC     = $0040 ; G zx_crt
__CLIB_OPT_PRINTF_2_lli         = $0040 ; G zx_crt
__CLIB_OPT_PRINTF_i             = $0040 ; G zx_crt
__CLIB_OPT_SCANF_2_lli          = $0040 ; G zx_crt
__CLIB_OPT_SCANF_i              = $0040 ; G zx_crt
__CLIB_OPT_TXT2NUM_LONG_DEC     = $0040 ; G zx_crt
__ULAP_COLOR_GREEN_2            = $0040 ; G zx_crt
__code_error_size               = $0042 ; G 
__code_stdlib_size              = $0042 ; G 
__ULAP_COLOR_HTML_DarkSlateGray = $0045 ; G zx_crt
__ULAP_COLOR_HTML_DarkSlateGrey = $0045 ; G zx_crt
__ULAP_COLOR_C64_BROWN          = $0048 ; G zx_crt
__ULAP_COLOR_C64_GREY1          = $0049 ; G zx_crt
__ULAP_COLOR_MONO_GREY_1        = $0049 ; G zx_crt
__ULAP_COLOR_STD_BRIGHT_GREY    = $0049 ; G zx_crt
__ULAP_COLOR_HTML_SlateBlue     = $004F ; G zx_crt
__ULAP_COLOR_AMBER_4            = $0050 ; G zx_crt
__ULAP_COLOR_C64_ORANGE         = $0050 ; G zx_crt
__ULAP_COLOR_HTML_SaddleBrown   = $0050 ; G zx_crt
__ULAP_COLOR_C64_VIOLET         = $0052 ; G zx_crt
__ULAP_COLOR_AMBER_5            = $0054 ; G zx_crt
__ULAP_COLOR_G1_SIENNA          = $0054 ; G zx_crt
__ULAP_COLOR_HTML_Sienna        = $0054 ; G zx_crt
__ULAP_COLOR_HTML_MediumOrchid  = $0057 ; G zx_crt
__ULAP_COLOR_HTML_IndianRed     = $0059 ; G zx_crt
__code_sound_bit_size           = $005A ; G 
__ULAP_COLOR_HTML_OrangeRed     = $005C ; G zx_crt
__ULAP_COLOR_STD_BRIGHT_RED     = $005D ; G zx_crt
CHAR_CURSOR_LC                  = $005F ; L console_01_input_proc_getc
CHAR_CURSOR_LC                  = $005F ; G zx_crt
__code_z80_size                 = $005F ; G 
__ULAP_COLOR_GREEN_3            = $0060 ; G zx_crt
__ULAP_COLOR_HTML_DarkGreen     = $0060 ; G zx_crt
__ULAP_COLOR_G1_DARK_TEAL       = $0062 ; G zx_crt
__code_l_size                   = $0066 ; G 
__code_math_size                = $0067 ; G 
__ULAP_COLOR_HTML_DarkOliveGreen = $0068 ; G zx_crt
__ULAP_COLOR_G1_SLATEBLUE       = $006B ; G zx_crt
__ULAP_COLOR_HTML_RoyalBlue     = $006B ; G zx_crt
__ULAP_COLOR_G1_GREY            = $006D ; G zx_crt
__ULAP_COLOR_HTML_DimGray       = $006D ; G zx_crt
__ULAP_COLOR_HTML_DimGrey       = $006D ; G zx_crt
__ULAP_COLOR_STD_LIGHT_GREY     = $006D ; G zx_crt
__code_driver_character_input_size = $006E ; G 
__ULAP_COLOR_C64_LIGHTBLUE      = $006F ; G zx_crt
__ULAP_COLOR_HTML_MediumSlateBlue = $006F ; G zx_crt
__ULAP_COLOR_HTML_MediumPurple  = $0073 ; G zx_crt
__ULAP_COLOR_C64_LIGHTRED       = $0075 ; G zx_crt
__ULAP_COLOR_AMBER_6            = $0078 ; G zx_crt
__ULAP_COLOR_HTML_Chocolate     = $0078 ; G zx_crt
__ULAP_COLOR_HTML_PaleVioletRed = $007A ; G zx_crt
__ULAP_COLOR_HTML_Orchid        = $007B ; G zx_crt
__ULAP_COLOR_AMBER_7            = $007C ; G zx_crt
__ULAP_COLOR_RB_ORANGE          = $007C ; G zx_crt
__ULAP_COLOR_HTML_Coral         = $007D ; G zx_crt
__ULAP_COLOR_HTML_Tomato        = $007D ; G zx_crt
__ULAP_COLOR_HTML_HotPink       = $007E ; G zx_crt
__BIFROST2_STATIC_MIN           = $0080 ; G zx_crt
__BIFROST2_STATIC_OVERLAP       = $0080 ; G zx_crt
__BIFROSTH_STATIC_MIN           = $0080 ; G zx_crt
__BIFROSTH_STATIC_OVERLAP       = $0080 ; G zx_crt
__BIFROSTL_STATIC_MIN           = $0080 ; G zx_crt
__BIFROSTL_STATIC_OVERLAP       = $0080 ; G zx_crt
__CLIB_OPT_FASTCOPY_MEMCPY_SMC  = $0080 ; G zx_crt
__CLIB_OPT_IMATH_FAST_LIA       = $0080 ; G zx_crt
__CLIB_OPT_NUM2TXT_LONG_HEX     = $0080 ; G zx_crt
__CLIB_OPT_PRINTF_p             = $0080 ; G zx_crt
__CLIB_OPT_SCANF_p              = $0080 ; G zx_crt
__CLIB_OPT_TXT2NUM_LONG_HEX     = $0080 ; G zx_crt
__ULAP_COLOR_GREEN_4            = $0080 ; G zx_crt
__ULAP_COLOR_HTML_Green         = $0080 ; G zx_crt
__ULAP_COLOR_STD_DARK_GREEN     = $0080 ; G zx_crt
__ULAP_COLOR_HTML_DarkCyan      = $0082 ; G zx_crt
__ULAP_COLOR_HTML_Teal          = $0082 ; G zx_crt
__ULAP_COLOR_HTML_DodgerBlue    = $0083 ; G zx_crt
__ULAP_COLOR_HTML_ForestGreen   = $0084 ; G zx_crt
__ULAP_COLOR_HTML_SeaGreen      = $0085 ; G zx_crt
__ULAP_COLOR_HTML_CadetBlue     = $008A ; G zx_crt
__ULAP_COLOR_HTML_SteelBlue     = $008A ; G zx_crt
__ULAP_COLOR_HTML_OliveDrab     = $008C ; G zx_crt
__ULAP_COLOR_HTML_LightSlateGray = $008E ; G zx_crt
__ULAP_COLOR_HTML_LightSlateGrey = $008E ; G zx_crt
__ULAP_COLOR_HTML_SlateGray     = $008E ; G zx_crt
__ULAP_COLOR_HTML_SlateGrey     = $008E ; G zx_crt
__ULAP_COLOR_HTML_CornflowerBlue = $008F ; G zx_crt
__ULAP_COLOR_HTML_Olive         = $0090 ; G zx_crt
__ULAP_COLOR_C64_GREY2          = $0092 ; G zx_crt
__ULAP_COLOR_HTML_Gray          = $0092 ; G zx_crt
__ULAP_COLOR_HTML_Grey          = $0092 ; G zx_crt
__ULAP_COLOR_MONO_GREY_2        = $0092 ; G zx_crt
__ULAP_COLOR_HTML_DarkGoldenRod = $0094 ; G zx_crt
__ULAP_COLOR_HTML_RosyBrown     = $0096 ; G zx_crt
__ULAP_COLOR_HTML_Peru          = $0098 ; G zx_crt
__bss_compiler_size             = $0098 ; G 
__code_input_size               = $009B ; G 
__ULAP_COLOR_G1_SANDYBROWN      = $009C ; G zx_crt
__ULAP_COLOR_HTML_DarkOrange    = $009C ; G zx_crt
__code_fcntl_size               = $009C ; G 
__ULAP_COLOR_HTML_DarkSalmon    = $009D ; G zx_crt
__ULAP_COLOR_HTML_Salmon        = $009D ; G zx_crt
__ULAP_COLOR_STD_ORANGE         = $009D ; G zx_crt
__ULAP_COLOR_HTML_LightCoral    = $009E ; G zx_crt
__ULAP_COLOR_HTML_Violet        = $009F ; G zx_crt
__ULAP_COLOR_G1_GREEN           = $00A0 ; G zx_crt
__ULAP_COLOR_GREEN_5            = $00A0 ; G zx_crt
__rodata_input_size             = $00A0 ; G 
__ULAP_COLOR_HTML_DeepSkyBlue   = $00A3 ; G zx_crt
__ULAP_COLOR_HTML_MediumSeaGreen = $00A5 ; G zx_crt
__ULAP_COLOR_HTML_LightSeaGreen = $00A6 ; G zx_crt
__ULAP_COLOR_C64_GREEN          = $00AD ; G zx_crt
__ULAP_COLOR_C64_CYAN           = $00AF ; G zx_crt
__ULAP_COLOR_HTML_DarkSeaGreen  = $00B2 ; G zx_crt
__ULAP_COLOR_HTML_DarkKhaki     = $00B5 ; G zx_crt
__ULAP_COLOR_C64_GREY3          = $00B6 ; G zx_crt
__ULAP_COLOR_G1_SILVER          = $00B6 ; G zx_crt
__ULAP_COLOR_HTML_DarkGray      = $00B6 ; G zx_crt
__ULAP_COLOR_HTML_DarkGrey      = $00B6 ; G zx_crt
__ULAP_COLOR_HTML_GoldenRod     = $00B8 ; G zx_crt
__ULAP_COLOR_HTML_BurlyWood     = $00BA ; G zx_crt
__ULAP_COLOR_HTML_Tan           = $00BA ; G zx_crt
__ULAP_COLOR_HTML_Plum          = $00BB ; G zx_crt
__ULAP_COLOR_HTML_Thistle       = $00BB ; G zx_crt
__ULAP_COLOR_HTML_Orange        = $00BC ; G zx_crt
__ULAP_COLOR_HTML_LightSalmon   = $00BD ; G zx_crt
__ULAP_COLOR_HTML_SandyBrown    = $00BD ; G zx_crt
__ULAP_COLOR_HTML_LightPink     = $00BF ; G zx_crt
__ULAP_COLOR_GREEN_6            = $00C0 ; G zx_crt
__ULAP_COLOR_ZX_GREEN           = $00C0 ; G zx_crt
__ULAP_COLOR_HTML_DarkTurquoise = $00C3 ; G zx_crt
__ULAP_COLOR_ZX_CYAN            = $00C3 ; G zx_crt
__ULAP_COLOR_HTML_LimeGreen     = $00C4 ; G zx_crt
__ULAP_COLOR_HTML_MediumTurquoise = $00CB ; G zx_crt
__ULAP_COLOR_HTML_MediumAquaMarine = $00CE ; G zx_crt
__ULAP_COLOR_HTML_YellowGreen   = $00D0 ; G zx_crt
__ULAP_COLOR_G1_SKYBLUE         = $00D3 ; G zx_crt
__ULAP_COLOR_HTML_LightSkyBlue  = $00D3 ; G zx_crt
__ULAP_COLOR_HTML_SkyBlue       = $00D3 ; G zx_crt
__ULAP_COLOR_HTML_LightBlue     = $00D7 ; G zx_crt
__ULAP_COLOR_HTML_LightSteelBlue = $00D7 ; G zx_crt
__ULAP_COLOR_ZX_YELLOW          = $00D8 ; G zx_crt
__ULAP_COLOR_C64_YELLOW         = $00D9 ; G zx_crt
__ULAP_COLOR_HTML_Gainsboro     = $00DB ; G zx_crt
__ULAP_COLOR_HTML_LightGray     = $00DB ; G zx_crt
__ULAP_COLOR_HTML_LightGrey     = $00DB ; G zx_crt
__ULAP_COLOR_HTML_Silver        = $00DB ; G zx_crt
__ULAP_COLOR_STD_BRIGHT_BLUE    = $00DB ; G zx_crt
__ULAP_COLOR_ZX_WHITE           = $00DB ; G zx_crt
__ULAP_COLOR_HTML_Gold          = $00DC ; G zx_crt
__ULAP_COLOR_STD_BRIGHT_YELLOW  = $00DD ; G zx_crt
__ULAP_COLOR_HTML_NavajoWhite   = $00DE ; G zx_crt
__ULAP_COLOR_HTML_PeachPuff     = $00DE ; G zx_crt
__ULAP_COLOR_HTML_Wheat         = $00DE ; G zx_crt
__ULAP_COLOR_HTML_Pink          = $00DF ; G zx_crt
__ULAP_COLOR_GREEN_7            = $00E0 ; G zx_crt
__ULAP_COLOR_HTML_Lime          = $00E0 ; G zx_crt
__ULAP_COLOR_RB_GREEN           = $00E0 ; G zx_crt
__ULAP_COLOR_STD_GREEN          = $00E0 ; G zx_crt
__ULAP_COLOR_ZX_BRIGHT_GREEN    = $00E0 ; G zx_crt
__ULAP_COLOR_HTML_SpringGreen   = $00E1 ; G zx_crt
__ULAP_COLOR_HTML_MediumSpringGreen = $00E2 ; G zx_crt
__ULAP_COLOR_HTML_Aqua          = $00E3 ; G zx_crt
__ULAP_COLOR_HTML_Cyan          = $00E3 ; G zx_crt
__ULAP_COLOR_STD_CYAN           = $00E3 ; G zx_crt
__ULAP_COLOR_ZX_BRIGHT_CYAN     = $00E3 ; G zx_crt
__SOUND_BIT_WRITE_MASK          = $00E8 ; L asm_bit_close
__SOUND_BIT_WRITE_MASK          = $00E8 ; G zx_crt
__ULAP_COLOR_HTML_Turquoise     = $00EB ; G zx_crt
__ULAP_COLOR_HTML_Chartreuse    = $00EC ; G zx_crt
__ULAP_COLOR_HTML_LawnGreen     = $00EC ; G zx_crt
__ULAP_COLOR_HTML_Aquamarine    = $00EF ; G zx_crt
__ULAP_COLOR_G1_GREENYELLOW     = $00F0 ; G zx_crt
__ULAP_COLOR_HTML_LightGreen    = $00F2 ; G zx_crt
__ULAP_COLOR_HTML_PaleGreen     = $00F2 ; G zx_crt
__ULAP_COLOR_STD_BRIGHT_GREEN   = $00F2 ; G zx_crt
__ULAP_COLOR_HTML_GreenYellow   = $00F4 ; G zx_crt
__ULAP_COLOR_C64_LIGHTGREEN     = $00F6 ; G zx_crt
__ULAP_COLOR_HTML_PaleTurquoise = $00F7 ; G zx_crt
__ULAP_COLOR_HTML_PowderBlue    = $00F7 ; G zx_crt
__data_fcntl_stdio_heap_body_size = $00F8 ; G 
__ULAP_COLOR_HTML_Yellow        = $00FC ; G zx_crt
__ULAP_COLOR_RB_YELLOW          = $00FC ; G zx_crt
__ULAP_COLOR_STD_YELLOW         = $00FC ; G zx_crt
__ULAP_COLOR_ZX_BRIGHT_YELLOW   = $00FC ; G zx_crt
__ULAP_COLOR_G1_KHAKI           = $00FD ; G zx_crt
__SOUND_BIT_PORT                = $00FE ; L asm_bit_beep_raw
__SOUND_BIT_PORT                = $00FE ; G zx_crt
__ULAP_COLOR_HTML_Khaki         = $00FE ; G zx_crt
__ULAP_COLOR_HTML_Moccasin      = $00FE ; G zx_crt
__ULAP_COLOR_HTML_PaleGoldenRod = $00FE ; G zx_crt
__ULAP_COLOR_C64_WHITE          = $00FF ; G zx_crt
__ULAP_COLOR_G1_WHITE           = $00FF ; G zx_crt
__ULAP_COLOR_HTML_AliceBlue     = $00FF ; G zx_crt
__ULAP_COLOR_HTML_AntiqueWhite  = $00FF ; G zx_crt
__ULAP_COLOR_HTML_Azure         = $00FF ; G zx_crt
__ULAP_COLOR_HTML_Beige         = $00FF ; G zx_crt
__ULAP_COLOR_HTML_Bisque        = $00FF ; G zx_crt
__ULAP_COLOR_HTML_BlanchedAlmond = $00FF ; G zx_crt
__ULAP_COLOR_HTML_Cornsilk      = $00FF ; G zx_crt
__ULAP_COLOR_HTML_FloralWhite   = $00FF ; G zx_crt
__ULAP_COLOR_HTML_GhostWhite    = $00FF ; G zx_crt
__ULAP_COLOR_HTML_HoneyDew      = $00FF ; G zx_crt
__ULAP_COLOR_HTML_Ivory         = $00FF ; G zx_crt
__ULAP_COLOR_HTML_Lavender      = $00FF ; G zx_crt
__ULAP_COLOR_HTML_LavenderBlush = $00FF ; G zx_crt
__ULAP_COLOR_HTML_LemonChiffon  = $00FF ; G zx_crt
__ULAP_COLOR_HTML_LightCyan     = $00FF ; G zx_crt
__ULAP_COLOR_HTML_LightGoldenRodYellow = $00FF ; G zx_crt
__ULAP_COLOR_HTML_LightYellow   = $00FF ; G zx_crt
__ULAP_COLOR_HTML_Linen         = $00FF ; G zx_crt
__ULAP_COLOR_HTML_MintCream     = $00FF ; G zx_crt
__ULAP_COLOR_HTML_MistyRose     = $00FF ; G zx_crt
__ULAP_COLOR_HTML_OldLace       = $00FF ; G zx_crt
__ULAP_COLOR_HTML_PapayaWhip    = $00FF ; G zx_crt
__ULAP_COLOR_HTML_SeaShell      = $00FF ; G zx_crt
__ULAP_COLOR_HTML_Snow          = $00FF ; G zx_crt
__ULAP_COLOR_HTML_White         = $00FF ; G zx_crt
__ULAP_COLOR_HTML_WhiteSmoke    = $00FF ; G zx_crt
__ULAP_COLOR_MONO_GREY_3        = $00FF ; G zx_crt
__ULAP_COLOR_MONO_WHITE         = $00FF ; G zx_crt
__ULAP_COLOR_STD_WHITE          = $00FF ; G zx_crt
__ULAP_COLOR_ZX_BRIGHT_WHITE    = $00FF ; G zx_crt
TAR__clib_stdio_heap_size       = $0100 ; L zx_crt
__CLIB_OPT_PRINTF_B             = $0100 ; G zx_crt
__CLIB_OPT_SCANF_B              = $0100 ; G zx_crt
__clib_stdio_heap_size          = $0100 ; L zx_crt
IOCTL_OTERM_CLS                 = $0102 ; G zx_crt
__code_compiler_size            = $0124 ; G 
__code_arch_size                = $015F ; G 
CRT_ITERM_INKEY_REPEAT_START    = $01F4 ; L zx_crt
TAR__crt_stack_size             = $0200 ; L zx_crt
__CLIB_OPT_PRINTF_s             = $0200 ; G zx_crt
__CLIB_OPT_SCANF_s              = $0200 ; G zx_crt
__crt_stack_size                = $0200 ; L zx_crt
IOCTL_ITERM_TIE                 = $0201 ; G zx_crt
IOCTL_OTERM_RESET_SCROLL        = $0202 ; G zx_crt
IOCTL_ITERM_SET_EDITBUF         = $0301 ; G zx_crt
IOCTL_OTERM_SET_WINDOW_COORD    = $0302 ; G zx_crt
__code_driver_terminal_input_size = $0344 ; G 
IOCTL_ITERM_GET_EDITBUF         = $0381 ; G zx_crt
IOCTL_OTERM_GET_WINDOW_COORD    = $0382 ; G zx_crt
__code_driver_terminal_output_size = $038C ; G 
CRT_ITERM_TERMINAL_FLAGS        = $03B0 ; L zx_crt
__CLIB_OPT_PRINTF_c             = $0400 ; G zx_crt
__CLIB_OPT_SCANF_c              = $0400 ; G zx_crt
IOCTL_OTERM_SET_WINDOW_RECT     = $0402 ; G zx_crt
IOCTL_OTERM_GET_WINDOW_RECT     = $0482 ; G zx_crt
IOCTL_OTERM_SET_CURSOR_COORD    = $0502 ; G zx_crt
IOCTL_OTERM_GET_CURSOR_COORD    = $0582 ; G zx_crt
IOCTL_OTERM_GET_OTERM           = $0602 ; G zx_crt
IOCTL_OTERM_SCROLL              = $0702 ; G zx_crt
__Z88DK                         = $07C8 ; G zx_crt
__CLIB_OPT_PRINTF_I             = $0800 ; G zx_crt
__CLIB_OPT_SCANF_I              = $0800 ; G zx_crt
IOCTL_OTERM_FONT                = $0802 ; G zx_crt
IOCTL_OTERM_FZX_SET_PAPER_COORD = $0A02 ; G zx_crt
IOCTL_OTERM_FZX_GET_PAPER_COORD = $0A82 ; G zx_crt
IOCTL_OTERM_FZX_SET_PAPER_RECT  = $0B02 ; G zx_crt
IOCTL_OTERM_FZX_GET_PAPER_RECT  = $0B82 ; G zx_crt
IOCTL_OTERM_FZX_LEFT_MARGIN     = $0C02 ; G zx_crt
IOCTL_OTERM_FZX_LINE_SPACING    = $0D02 ; G zx_crt
IOCTL_OTERM_FZX_SPACE_EXPAND    = $0E02 ; G zx_crt
IOCTL_OTERM_FZX_SET_FZX_STATE   = $0F02 ; G zx_crt
IOCTL_OTERM_FZX_GET_FZX_STATE   = $0F82 ; G zx_crt
__CLIB_OPT_PRINTF_ld            = $1000 ; G zx_crt
__CLIB_OPT_SCANF_ld             = $1000 ; G zx_crt
IOCTL_ITERM_SET_DELAY           = $1001 ; G zx_crt
IOCTL_OTERM_FCOLOR              = $1002 ; G zx_crt
IOCTL_ITERM_GET_DELAY           = $1081 ; G zx_crt
IOCTL_ITERM_LASTK               = $1101 ; G zx_crt
IOCTL_OTERM_FMASK               = $1102 ; G zx_crt
IOCTL_OTERM_BCOLOR              = $1202 ; G zx_crt
__CLIB_OPT_PRINTF_lu            = $2000 ; G zx_crt
__CLIB_OPT_SCANF_lu             = $2000 ; G zx_crt
CRT_OTERM_TERMINAL_FLAGS        = $2370 ; L zx_crt
__NIRVANAM_CHAR_TABLE           = $3C00 ; G zx_crt
__NIRVANAP_CHAR_TABLE           = $3C00 ; G zx_crt
CRT_OTERM_FONT_8X8              = $3D00 ; G zx_crt
_font_8x8_rom                   = $3D00 ; G _font_8x8_rom
__CLIB_OPT_PRINTF_lx            = $4000 ; G zx_crt
__CLIB_OPT_SCANF_lx             = $4000 ; G zx_crt
TAR__crt_org_code               = $8000 ; L zx_crt
__CLIB_OPT_PRINTF_lX            = $8000 ; G zx_crt
__CLIB_OPT_SCANF_lX             = $8000 ; G zx_crt
__CODE_head                     = $8000 ; G 
__Start                         = $8000 ; G zx_crt
__crt_org_code                  = $8000 ; L zx_crt
__Restart                       = $8009 ; L zx_crt
__CODE_tail                     = $800C ; G 
__Restart_2                     = $800C ; L zx_crt
__code_crt_init_head            = $800C ; G 
__code_crt_init_tail            = $8030 ; G 
__code_crt_main_head            = $8030 ; G 
__Exit                          = $8033 ; G zx_crt
__code_crt_exit_head            = $8034 ; G 
__code_crt_exit_tail            = $8034 ; G 
__code_crt_main_tail            = $8034 ; G 
__code_crt_return_head          = $8034 ; G 
__code_adt_b_array_head         = $8042 ; G 
__code_clib_head                = $8042 ; G 
__code_clib_tail                = $8042 ; G 
__code_crt_common_head          = $8042 ; G 
__code_crt_common_tail          = $8042 ; G 
__code_crt_return_tail          = $8042 ; G 
__code_driver_head              = $8042 ; G 
__code_driver_tail              = $8042 ; G 
__code_font_head                = $8042 ; G 
__code_font_tail                = $8042 ; G 
asm_b_array_at                  = $8042 ; G asm_b_array_at
asm_b_array_append              = $804D ; G asm_b_array_append
asm_b_array_push_back           = $804D ; G asm_b_array_push_back
asm0_b_array_append             = $804F ; G asm_b_array_append
room_available                  = $805D ; L asm_b_array_append
__array_at                      = $806D ; G __array_at
__code_adt_b_array_tail         = $807D ; G 
__code_adt_b_vector_head        = $807D ; G 
__code_adt_b_vector_tail        = $807D ; G 
__code_adt_ba_priority_queue_head = $807D ; G 
__code_adt_ba_priority_queue_tail = $807D ; G 
__code_adt_ba_stack_head        = $807D ; G 
__code_adt_ba_stack_tail        = $807D ; G 
__code_adt_bv_priority_queue_head = $807D ; G 
__code_adt_bv_priority_queue_tail = $807D ; G 
__code_adt_bv_stack_head        = $807D ; G 
__code_adt_bv_stack_tail        = $807D ; G 
__code_adt_p_forward_list_alt_head = $807D ; G 
__code_adt_p_forward_list_alt_tail = $807D ; G 
__code_adt_p_forward_list_head  = $807D ; G 
__code_adt_p_forward_list_tail  = $807D ; G 
__code_adt_p_list_head          = $807D ; G 
__code_adt_p_list_tail          = $807D ; G 
__code_adt_p_queue_head         = $807D ; G 
__code_adt_p_queue_tail         = $807D ; G 
__code_adt_p_stack_head         = $807D ; G 
__code_adt_p_stack_tail         = $807D ; G 
__code_adt_w_array_head         = $807D ; G 
__code_adt_w_array_tail         = $807D ; G 
__code_adt_w_vector_head        = $807D ; G 
__code_adt_w_vector_tail        = $807D ; G 
__code_adt_wa_priority_queue_head = $807D ; G 
__code_adt_wa_priority_queue_tail = $807D ; G 
__code_adt_wa_stack_head        = $807D ; G 
__code_adt_wa_stack_tail        = $807D ; G 
__code_adt_wv_priority_queue_head = $807D ; G 
__code_adt_wv_priority_queue_tail = $807D ; G 
__code_adt_wv_stack_head        = $807D ; G 
__code_adt_wv_stack_tail        = $807D ; G 
__code_alloc_balloc_head        = $807D ; G 
__code_alloc_balloc_tail        = $807D ; G 
__code_alloc_malloc_head        = $807D ; G 
asm_heap_init                   = $807D ; G asm_heap_init
__code_alloc_malloc_tail        = $809F ; G 
__code_alloc_obstack_head       = $809F ; G 
__code_alloc_obstack_tail       = $809F ; G 
__code_arch_head                = $809F ; G 
_zx_pxy2saddr_callee            = $809F ; G zx_pxy2saddr_callee
_zx_px2bitmask_fastcall         = $80A4 ; G zx_px2bitmask_fastcall
asm_zx_px2bitmask               = $80A4 ; G asm_zx_px2bitmask
loop                            = $80AC ; L asm_zx_px2bitmask
asm_zx_pxy2saddr                = $80B1 ; G asm_zx_pxy2saddr
asm0_zx_pxy2saddr               = $80B6 ; G asm_zx_pxy2saddr
_zx_border_fastcall             = $80CF ; G zx_border_fastcall
asm_zx_border                   = $80CF ; G asm_zx_border
_zx_cls_fastcall                = $80DF ; G zx_cls_fastcall
asm_zx_cls                      = $80DF ; G asm_zx_cls
asm_zx_cls_wc                   = $80F3 ; G asm_zx_cls_wc
pixel_loop_0                    = $8101 ; L asm_zx_cls_wc
pixel_loop_1                    = $8103 ; L asm_zx_cls_wc
attr_loop                       = $811E ; L asm_zx_cls_wc
asm_zx_cxy2saddr                = $8130 ; G asm_zx_cxy2saddr
asm_zx_saddr2aaddr              = $813F ; G asm_zx_saddr2aaddr
asm_zx_saddrpdown               = $8149 ; G asm_zx_saddrpdown
asm0_zx_saddrpdown              = $814A ; G asm_zx_saddrpdown
asm_zx_scroll_wc_up_noexx       = $8161 ; G asm_zx_scroll_wc_up_noexx
asm_zx_scroll_wc_up             = $816E ; G asm_zx_scroll_wc_up
asm0_zx_scroll_wc_up            = $8173 ; G asm_zx_scroll_wc_up
copy_up_loop_0                  = $81A6 ; L asm_zx_scroll_wc_up
copy_up_loop_1                  = $81BA ; L asm_zx_scroll_wc_up
vacate_loop_0                   = $81D9 ; L asm_zx_scroll_wc_up
vacate_loop_1                   = $81E8 ; L asm_zx_scroll_wc_up
__code_arch_tail                = $81FE ; G 
__code_bifrost2_head            = $81FE ; G 
__code_bifrost2_tail            = $81FE ; G 
__code_bifrost_h_head           = $81FE ; G 
__code_bifrost_h_tail           = $81FE ; G 
__code_bifrost_l_head           = $81FE ; G 
__code_bifrost_l_tail           = $81FE ; G 
__code_compress_aplib_head      = $81FE ; G 
__code_compress_aplib_tail      = $81FE ; G 
__code_compress_zx7_head        = $81FE ; G 
__code_compress_zx7_tail        = $81FE ; G 
__code_ctype_head               = $81FE ; G 
asm_toupper                     = $81FE ; G asm_toupper
__code_ctype_tail               = $8207 ; G 
__code_driver_general_head      = $8207 ; G 
console_01_input_terminal_fdriver = $8207 ; G console_01_input_terminal_fdriver
console_01_output_terminal_fdriver = $8207 ; G console_01_output_terminal_fdriver
device_return_error             = $820F ; G device_return_error
device_set_error                = $8216 ; G device_set_error
console_01_input_proc_reset     = $8223 ; G console_01_input_proc_reset
device_reset_error              = $8223 ; G device_reset_error
__code_driver_character_input_head = $822C ; G 
__code_driver_general_tail      = $822C ; G 
character_00_input_stdio_msg_eatc = $822C ; G character_00_input_stdio_msg_eatc
console_01_input_stdio_msg_eatc = $822C ; G console_01_input_stdio_msg_eatc
eatc_loop                       = $8231 ; L character_00_input_stdio_msg_eatc
eatc_exit                       = $824B ; L character_00_input_stdio_msg_eatc
character_00_input_stdio_msg_read = $824E ; G character_00_input_stdio_msg_read
console_01_input_stdio_msg_read = $824E ; G console_01_input_stdio_msg_read
read_loop                       = $824F ; L character_00_input_stdio_msg_read
read_exit                       = $8265 ; L character_00_input_stdio_msg_read
read_exit_error                 = $826D ; L character_00_input_stdio_msg_read
character_00_input_stdio_msg_seek = $8278 ; G character_00_input_stdio_msg_seek
console_01_input_stdio_msg_seek = $8278 ; G console_01_input_stdio_msg_seek
seek_loop                       = $8284 ; L character_00_input_stdio_msg_seek
__code_driver_character_input_tail = $829A ; G 
__code_driver_character_output_head = $829A ; G 
__code_driver_character_output_tail = $829A ; G 
__code_driver_memstream_head    = $829A ; G 
__code_driver_memstream_tail    = $829A ; G 
__code_driver_terminal_input_head = $829A ; G 
zx_01_input_kbd_inkey           = $829A ; G zx_01_input_kbd_inkey
console_01_input_terminal       = $82AC ; G console_01_input_terminal
console_01_input_stdio_msg_flsh = $82D7 ; G console_01_input_stdio_msg_flsh
zx_01_input_inkey_stdio_msg_flsh = $82D7 ; G zx_01_input_inkey_stdio_msg_flsh
console_01_input_proc_getc      = $82EA ; G console_01_input_proc_getc
console_01_input_stdio_msg_getc = $82EA ; G console_01_input_stdio_msg_getc
getc                            = $82F6 ; L console_01_input_proc_getc
char_mode                       = $82FC ; L console_01_input_proc_getc
line_mode                       = $8306 ; L console_01_input_proc_getc
line_mode_readline              = $8320 ; L console_01_input_proc_getc
push_loop                       = $8340 ; L console_01_input_proc_getc
put_raw_0                       = $834B ; L console_01_input_proc_getc
line_mode_readline_1            = $8356 ; L console_01_input_proc_getc
readline_loop                   = $8359 ; L console_01_input_proc_getc
cursor_print                    = $836F ; L console_01_input_proc_getc
cursor_print_end                = $8374 ; L console_01_input_proc_getc
cursor_not_pwd                  = $8395 ; L console_01_input_proc_getc
cursor_erase_end                = $8399 ; L console_01_input_proc_getc
bell                            = $83B2 ; L console_01_input_proc_getc
not_empty                       = $83B9 ; L console_01_input_proc_getc
not_password_mode               = $83CC ; L console_01_input_proc_getc
skip_bs                         = $83D0 ; L console_01_input_proc_getc
escaped_char                    = $83DB ; L console_01_input_proc_getc
put_raw                         = $83F0 ; L console_01_input_proc_getc
readline_done                   = $8405 ; L console_01_input_proc_getc
readline_error                  = $8405 ; L console_01_input_proc_getc
interrupt_received              = $8418 ; L console_01_input_proc_getc
edit_buff_params                = $841E ; L console_01_input_proc_getc
line_mode_editbuf_1             = $8426 ; L console_01_input_proc_getc
state_machine_0                 = $8433 ; L console_01_input_proc_getc
state_machine_1                 = $8443 ; L console_01_input_proc_getc
state_machine_2                 = $8453 ; L console_01_input_proc_getc
not_cr                          = $845E ; L console_01_input_proc_getc
sm_cook                         = $8464 ; L console_01_input_proc_getc
sm_capslock                     = $8475 ; L console_01_input_proc_getc
sm_escape                       = $8484 ; L console_01_input_proc_getc
sm_esc_exit                     = $848E ; L console_01_input_proc_getc
sm_exit                         = $8490 ; L console_01_input_proc_getc
console_01_input_proc_echo      = $8494 ; G console_01_input_proc_echo
console_01_input_proc_oterm     = $84A4 ; G console_01_input_proc_echo
cont                            = $84B1 ; L console_01_input_proc_echo
console_01_input_stdio_msg_ictl = $84BA ; G console_01_input_stdio_msg_ictl
_ictl_messages                  = $84D1 ; L console_01_input_stdio_msg_ictl
console_01_input_stdio_msg_ictl_0 = $84DE ; G console_01_input_stdio_msg_ictl
_ioctl_getset_editbuf           = $84E7 ; L console_01_input_stdio_msg_ictl
_ioctl_set_editbuf              = $84F3 ; L console_01_input_stdio_msg_ictl
_ioctl_get_editbuf              = $84FE ; L console_01_input_stdio_msg_ictl
_ioctl_editbuf_copy             = $8501 ; L console_01_input_stdio_msg_ictl
_ioctl_tie                      = $8508 ; L console_01_input_stdio_msg_ictl
_ioctl_tie_exit                 = $851C ; L console_01_input_stdio_msg_ictl
zx_01_input_inkey_iterm_msg_getc = $851E ; G zx_01_input_inkey_iterm_msg_getc
state_1                         = $8528 ; L zx_01_input_inkey_iterm_msg_getc
state_1t_join                   = $852B ; L zx_01_input_inkey_iterm_msg_getc
state_2                         = $8539 ; L zx_01_input_inkey_iterm_msg_getc
state_unknown                   = $853E ; L zx_01_input_inkey_iterm_msg_getc
state_3                         = $8541 ; L zx_01_input_inkey_iterm_msg_getc
getk_0                          = $8545 ; L zx_01_input_inkey_iterm_msg_getc
getk_1                          = $854B ; L zx_01_input_inkey_iterm_msg_getc
getk_loop                       = $854D ; L zx_01_input_inkey_iterm_msg_getc
debounce                        = $8556 ; L zx_01_input_inkey_iterm_msg_getc
state_1t                        = $8565 ; L zx_01_input_inkey_iterm_msg_getc
key_pressed                     = $8568 ; L zx_01_input_inkey_iterm_msg_getc
exit                            = $857B ; L zx_01_input_inkey_iterm_msg_getc
key_cr                          = $8580 ; L zx_01_input_inkey_iterm_msg_getc
key_lf                          = $8584 ; L zx_01_input_inkey_iterm_msg_getc
zx_01_input_inkey_proc_getk_address = $8588 ; G zx_01_input_inkey_proc_getk_address
zx_01_input_inkey_stdio_msg_ictl = $858E ; G zx_01_input_inkey_stdio_msg_ictl
_ioctl_getset_delay             = $85A6 ; L zx_01_input_inkey_stdio_msg_ictl
_ioctl_set_delay                = $85B0 ; L zx_01_input_inkey_stdio_msg_ictl
_ioctl_get_delay                = $85C5 ; L zx_01_input_inkey_stdio_msg_ictl
__code_driver_terminal_input_tail = $85DE ; G 
__code_driver_terminal_output_head = $85DE ; G 
zx_01_output_char_32            = $85DE ; G zx_01_output_char_32
console_01_output_terminal_char = $860C ; G console_01_output_terminal_char
console_01_output_terminal      = $8653 ; G console_01_output_terminal
console_01_output_stdio_msg_putc = $866F ; G console_01_output_stdio_msg_putc
putc_loop                       = $8673 ; L console_01_output_stdio_msg_putc
console_01_output_stdio_msg_writ = $8683 ; G console_01_output_stdio_msg_writ
writ_loop                       = $8685 ; L console_01_output_stdio_msg_writ
writ_end                        = $8693 ; L console_01_output_stdio_msg_writ
console_01_output_char_iterm_msg_bs = $8697 ; G console_01_output_char_iterm_msg_bs
console_01_output_char_iterm_msg_putc = $86BA ; G console_01_output_char_iterm_msg_putc
console_01_output_char_iterm_msg_readline_begin = $86CC ; G console_01_output_char_iterm_msg_readline_begin
console_01_output_char_iterm_msg_readline_end = $86D1 ; G console_01_output_char_iterm_msg_readline_end
console_01_output_char_oterm_msg_putc = $86DD ; G console_01_output_char_oterm_msg_putc
putchar_bell                    = $86EE ; L console_01_output_char_oterm_msg_putc
cooked                          = $86F2 ; L console_01_output_char_oterm_msg_putc
console_01_output_char_oterm_msg_putc_raw = $86FE ; G console_01_output_char_oterm_msg_putc
crlf_done                       = $86FE ; L console_01_output_char_oterm_msg_putc
putchar_ok                      = $8704 ; L console_01_output_char_oterm_msg_putc
x_ok                            = $8713 ; L console_01_output_char_oterm_msg_putc
y_ok                            = $8729 ; L console_01_output_char_oterm_msg_putc
console_01_output_char_proc_linefeed = $873C ; G console_01_output_char_proc_linefeed
y_ok_2                          = $8752 ; L console_01_output_char_proc_linefeed
console_01_output_char_proc_move_left = $875A ; G console_01_output_char_proc_move_left
x_is_zero                       = $8767 ; L console_01_output_char_proc_move_left
check_y                         = $876D ; L console_01_output_char_proc_move_left
console_01_output_char_proc_move_down = $8771 ; G console_01_output_char_proc_move_down
console_01_output_char_proc_move_down_check_y = $8776 ; G console_01_output_char_proc_move_down
set_max_y                       = $8778 ; L console_01_output_char_proc_move_down
console_01_output_char_proc_putchar_scroll = $877B ; G console_01_output_char_proc_putchar_scroll
pause_scroll                    = $8793 ; L console_01_output_char_proc_putchar_scroll
scroll_immediate_0              = $87A7 ; L console_01_output_char_proc_putchar_scroll
scroll_immediate                = $87AA ; L console_01_output_char_proc_putchar_scroll
scroll_it                       = $87B0 ; L console_01_output_char_proc_putchar_scroll
page_it                         = $87B7 ; L console_01_output_char_proc_putchar_scroll
no_cls                          = $87C2 ; L console_01_output_char_proc_putchar_scroll
console_01_output_char_proc_reset_scroll_limit = $87C8 ; G console_01_output_char_proc_reset_scroll_limit
console_01_output_char_stdio_msg_ictl = $87CF ; G console_01_output_char_stdio_msg_ictl
console_01_output_char_stdio_msg_ictl_0 = $87DC ; G console_01_output_char_stdio_msg_ictl
_ioctl_scroll                   = $87F4 ; L console_01_output_char_stdio_msg_ictl
_ioctl_get_oterm                = $87F8 ; L console_01_output_char_stdio_msg_ictl
_ioctl_getset_cursor_coord      = $87FF ; L console_01_output_char_stdio_msg_ictl
_ioctl_set_cursor_coord         = $8803 ; L console_01_output_char_stdio_msg_ictl
_ioctl_get_cursor_coord         = $880F ; L console_01_output_char_stdio_msg_ictl
_ioctl_cls                      = $8823 ; L console_01_output_char_stdio_msg_ictl
_ioctl_getset_window_coord      = $8835 ; L console_01_output_char_stdio_msg_ictl
_ioctl_set_window_coord         = $883C ; L console_01_output_char_stdio_msg_ictl
_ioctl_get_window_coord         = $8845 ; L console_01_output_char_stdio_msg_ictl
_ioctl_getset_window_rect       = $8854 ; L console_01_output_char_stdio_msg_ictl
_ioctl_set_window_rect          = $8863 ; L console_01_output_char_stdio_msg_ictl
_ioctl_get_window_rect          = $8864 ; L console_01_output_char_stdio_msg_ictl
console_01_output_char_proc_putchar_scroll_adjust = $8868 ; G console_01_output_char_proc_putchar_scroll_adjust
screen_cleared                  = $8875 ; L console_01_output_char_proc_putchar_scroll_adjust
store_y                         = $8876 ; L console_01_output_char_proc_putchar_scroll_adjust
zx_01_output_char_32_iterm_msg_bell = $887A ; G zx_01_output_char_32_iterm_msg_bell
zx_01_output_char_32_iterm_msg_print_cursor = $888D ; G zx_01_output_char_32_iterm_msg_print_cursor
cursor                          = $8896 ; L zx_01_output_char_32_iterm_msg_print_cursor
zx_01_output_char_32_oterm_msg_bell = $889E ; G zx_01_output_char_32_oterm_msg_bell
zx_01_output_char_32_oterm_msg_cls = $88B1 ; G zx_01_output_char_32_oterm_msg_cls
zx_01_output_char_32_oterm_msg_printc = $88C3 ; G zx_01_output_char_32_oterm_msg_printc
code_ok                         = $88CA ; L zx_01_output_char_32_oterm_msg_printc
__print_loop                    = $88DF ; L zx_01_output_char_32_oterm_msg_printc
colour_supplied                 = $88F2 ; L zx_01_output_char_32_oterm_msg_printc
zx_01_output_char_32_oterm_msg_scroll = $88FE ; G zx_01_output_char_32_oterm_msg_scroll
zx_01_output_char_32_stdio_msg_ictl = $8913 ; G zx_01_output_char_32_stdio_msg_ictl
zx_01_output_char_32_stdio_msg_ictl_0 = $8920 ; G zx_01_output_char_32_stdio_msg_ictl
_ioctl_bcolor                   = $8933 ; L zx_01_output_char_32_stdio_msg_ictl
_ioctl_font                     = $893F ; L zx_01_output_char_32_stdio_msg_ictl
_ioctl_font_ret                 = $8950 ; L zx_01_output_char_32_stdio_msg_ictl
_ioctl_fcolor                   = $8952 ; L zx_01_output_char_32_stdio_msg_ictl
_ioctl_fmask                    = $895E ; L zx_01_output_char_32_stdio_msg_ictl
__code_driver_terminal_output_tail = $896A ; G 
__code_driver_tty_head          = $896A ; G 
__code_driver_tty_tail          = $896A ; G 
__code_error_head               = $896A ; G 
error_ebdfd_zc                  = $896D ; G error_ebdfd_zc
error_einval_zc                 = $896D ; G error_einval_zc
error_enolck_zc                 = $896D ; G error_enolck_zc
error_enotsup_zc                = $896D ; G error_enotsup_zc
errno_zc                        = $896F ; G errno_zc
__ch_system                     = $897B ; G zx_crt
error_zc                        = $897B ; G error_zc
error_divide_by_zero_mc         = $8983 ; G error_divide_by_zero_mc
error_edom_mc                   = $8983 ; G error_edom_mc
error_enotsup_mc                = $8983 ; G error_enotsup_mc
errno_mc                        = $8985 ; G errno_mc
error_mc                        = $8990 ; G error_mc
error_lzc                       = $8996 ; G error_lzc
error_lznc                      = $899D ; G error_lznc
error_znc                       = $89A6 ; G error_znc
__code_error_tail               = $89AC ; G 
__code_fcntl_head               = $89AC ; G 
asm_vioctl                      = $89AC ; G asm_vioctl
critical_section                = $89AC ; L asm_vioctl
find_driver_loop                = $89BA ; L asm_vioctl
deliver_message                 = $89CA ; L asm_vioctl
__bool                          = $89DE ; L asm_vioctl
__setf                          = $89E5 ; L asm_vioctl
forward_ioctl                   = $89F0 ; L asm_vioctl
__getf                          = $89F9 ; L asm_vioctl
asm_vioctl_driver               = $8A04 ; G asm_vioctl
__fcntl_fdchain_descend         = $8A20 ; G __fcntl_fdchain_descend
__fcntl_fdstruct_from_fd_2      = $8A27 ; G __fcntl_fdstruct_from_fd_2
__fcntl_fdstruct_from_fd_1      = $8A32 ; G __fcntl_fdstruct_from_fd_1
__code_fcntl_tail               = $8A48 ; G 
__code_font_fzx_head            = $8A48 ; G 
__code_font_fzx_tail            = $8A48 ; G 
__code_fp_genmath_head          = $8A48 ; G 
__code_fp_genmath_tail          = $8A48 ; G 
__code_fp_math48_head           = $8A48 ; G 
__code_fp_math48_tail           = $8A48 ; G 
__code_im2_head                 = $8A48 ; G 
__code_im2_tail                 = $8A48 ; G 
__code_input_head               = $8A48 ; G 
asm_in_inkey                    = $8A48 ; G asm_in_inkey
row_loop                        = $8A5B ; L asm_in_inkey
keyhit_0                        = $8A74 ; L asm_in_inkey
keyhit_1                        = $8A8A ; L asm_in_inkey
check_caps                      = $8A9C ; L asm_in_inkey
check_sym                       = $8AA7 ; L asm_in_inkey
ascii                           = $8AB2 ; L asm_in_inkey
rowtable                        = $8AB5 ; L asm_in_inkey
asm_in_wait_key                 = $8AD5 ; G asm_in_wait_key
zx_01_output_char_32_oterm_msg_pause = $8AD5 ; G zx_01_output_char_32_oterm_msg_pause
asm_in_test_key                 = $8ADB ; G asm_in_test_key
__code_input_tail               = $8AE3 ; G 
__code_inttypes_head            = $8AE3 ; G 
__code_inttypes_tail            = $8AE3 ; G 
__code_l_head                   = $8AE3 ; G 
l_jpix                          = $8AE3 ; G l_jpix
__thread_block_timeout          = $8AE6 ; G zx_crt
__thread_context_switch         = $8AE6 ; G zx_crt
__thread_unblock                = $8AE6 ; G zx_crt
l_ret                           = $8AE6 ; G l_ret
l_setmem_hl                     = $8B07 ; G l_setmem_hl
l_neg_de                        = $8B08 ; G l_neg_de
l_neg_hl                        = $8B10 ; G l_neg_hl
l_inc_sp                        = $8B20 ; G l_inc_sp
l_jphl                          = $8B21 ; G l_jphl
l_offset_ix_de                  = $8B22 ; G l_offset_ix_de
asm_b_array_clear               = $8B29 ; G asm_b_array_clear
l_zeroword_hl                   = $8B2B ; G l_zeroword_hl
l_ltu_bc_hl                     = $8B32 ; G l_ltu_bc_hl
l_decu_dehl                     = $8B38 ; G l_decu_dehl
msw                             = $8B3E ; L l_decu_dehl
limit                           = $8B44 ; L l_decu_dehl
__code_l_sccz80_head            = $8B49 ; G 
__code_l_sccz80_tail            = $8B49 ; G 
__code_l_sdcc_head              = $8B49 ; G 
__code_l_tail                   = $8B49 ; G 
__modsint_callee                = $8B49 ; G __modsint_callee
__code_l_sdcc_tail              = $8B52 ; G 
__code_locale_head              = $8B52 ; G 
__code_locale_tail              = $8B52 ; G 
__code_math_head                = $8B52 ; G 
l_divs_16_16x16                 = $8B53 ; G l_divs_16_16x16
l_small_divs_16_16x16           = $8B53 ; G l_small_divs_16_16x16
l0_divs_16_16x16                = $8B57 ; G l_divs_16_16x16
l0_small_divs_16_16x16          = $8B57 ; G l_small_divs_16_16x16
divide_by_zero                  = $8B73 ; L l_small_divs_16_16x16
l_small_divu_16_16x16           = $8B7F ; G l_small_divu_16_16x16
l0_small_divu_16_16x16          = $8B83 ; G l_small_divu_16_16x16
divisor_sixteen_bit             = $8B87 ; L l_small_divu_16_16x16
loop_16_0                       = $8B8D ; L l_small_divu_16_16x16
loop_16_1                       = $8B95 ; L l_small_divu_16_16x16
l_small_divu_16_16x8            = $8B9F ; G l_small_divu_16_16x16
l0_small_divu_16_16x8           = $8BA3 ; G l_small_divu_16_16x16
loop_8_0                        = $8BA7 ; L l_small_divu_16_16x16
loop_8_2                        = $8BAE ; L l_small_divu_16_16x16
loop_8_1                        = $8BB0 ; L l_small_divu_16_16x16
divide_zero                     = $8BB5 ; L l_small_divu_16_16x16
__code_PSGlib_head              = $8BB9 ; G 
__code_PSGlib_tail              = $8BB9 ; G 
__code_SMSlib_head              = $8BB9 ; G 
__code_SMSlib_tail              = $8BB9 ; G 
__code_math_tail                = $8BB9 ; G 
__code_network_head             = $8BB9 ; G 
__code_network_tail             = $8BB9 ; G 
__code_nirvanam_head            = $8BB9 ; G 
__code_nirvanam_tail            = $8BB9 ; G 
__code_nirvanap_head            = $8BB9 ; G 
__code_nirvanap_tail            = $8BB9 ; G 
__code_setjmp_head              = $8BB9 ; G 
__code_setjmp_tail              = $8BB9 ; G 
__code_sound_bit_head           = $8BB9 ; G 
asm_bit_beep_raw_di             = $8BB9 ; G asm_bit_beep_raw_di
asm_bit_beep_raw                = $8BC2 ; G asm_bit_beep_raw
beeper                          = $8BC6 ; L asm_bit_beep_raw
beixp3                          = $8BDA ; L asm_bit_beep_raw
behllp                          = $8BDF ; L asm_bit_beep_raw
be_again                        = $8BFB ; L asm_bit_beep_raw
be_end                          = $8BFF ; L asm_bit_beep_raw
asm_bit_close                   = $8C02 ; G asm_bit_close
asm_bit_open                    = $8C0D ; G asm_bit_open
__code_sound_bit_tail           = $8C13 ; G 
__code_stdio_head               = $8C13 ; G 
__stdio_nextarg_bc              = $8C13 ; G __stdio_nextarg_bc
__stdio_nextarg_de              = $8C18 ; G __stdio_nextarg_de
__stdio_nextarg_hl              = $8C1D ; G __stdio_nextarg_hl
__code_stdio_tail               = $8C22 ; G 
__code_stdlib_head              = $8C22 ; G 
_rand                           = $8C22 ; G rand
asm_rand                        = $8C22 ; G asm_rand
asm_random_uniform_xor_32       = $8C3C ; G asm_random_uniform_xor_32
__code_stdlib_tail              = $8C64 ; G 
__code_string_head              = $8C64 ; G 
asm_memset                      = $8C64 ; G asm_memset
__code_string_tail              = $8C75 ; G 
__code_temp_sp1_head            = $8C75 ; G 
__code_temp_sp1_tail            = $8C75 ; G 
__code_threads_head             = $8C75 ; G 
__code_threads_mutex_head       = $8C75 ; G 
__code_threads_tail             = $8C75 ; G 
asm_mtx_init                    = $8C75 ; G asm_mtx_init
unknown_type                    = $8C8F ; L asm_mtx_init
__code_threads_mutex_tail       = $8C94 ; G 
__code_z180_head                = $8C94 ; G 
__code_z180_tail                = $8C94 ; G 
__code_z80_head                 = $8C94 ; G 
asm_cpu_delay_ms                = $8C94 ; G asm_z80_delay_ms
asm_z80_delay_ms                = $8C94 ; G asm_z80_delay_ms
ms_loop                         = $8C96 ; L asm_z80_delay_ms
last_ms                         = $8CA3 ; L asm_z80_delay_ms
asm_cpu_delay_tstate            = $8CA9 ; G asm_z80_delay_tstate
asm_z80_delay_tstate            = $8CA9 ; G asm_z80_delay_tstate
loop                            = $8CB0 ; L asm_z80_delay_tstate
g0                              = $8CBE ; L asm_z80_delay_tstate
g1                              = $8CBF ; L asm_z80_delay_tstate
b0                              = $8CC3 ; L asm_z80_delay_tstate
b1                              = $8CC8 ; L asm_z80_delay_tstate
asm_cpu_pop_ei                  = $8CCB ; G asm_z80_pop_ei
asm_z80_pop_ei                  = $8CCB ; G asm_z80_pop_ei
asm0_cpu_pop_ei                 = $8CD0 ; G asm_z80_pop_ei
asm0_z80_pop_ei                 = $8CD0 ; G asm_z80_pop_ei
asm_cpu_pop_ei_jp               = $8CD0 ; G asm_z80_pop_ei
asm_z80_pop_ei_jp               = $8CD0 ; G asm_z80_pop_ei
ei_state                        = $8CD3 ; L asm_z80_pop_ei
di_state                        = $8CD5 ; L asm_z80_pop_ei
asm_cpu_push_di                 = $8CD7 ; G asm_z80_push_di
asm_z80_push_di                 = $8CD7 ; G asm_z80_push_di
continue                        = $8CEC ; L asm_z80_push_di
__code_compiler_head            = $8CF3 ; G 
__code_lib_head                 = $8CF3 ; G 
__code_lib_tail                 = $8CF3 ; G 
__code_z80_tail                 = $8CF3 ; G 
_setUpStars                     = $8CF3 ; G stars_c
l_setUpStars_00102              = $8CF9 ; L stars_c
l_setUpStars_00110              = $8D7E ; L stars_c
_drawStars                      = $8D8C ; G stars_c
l_drawStars_00101               = $8D99 ; L stars_c
l_drawStars_00115               = $8DA3 ; L stars_c
l_drawStars_00104               = $8DF1 ; L stars_c
_main                           = $8DF6 ; G stars_c
l_main_00102                    = $8E07 ; L stars_c
__code_compiler_tail            = $8E17 ; G 
__code_user_head                = $8E17 ; G 
__code_user_tail                = $8E17 ; G 
__rodata_arch_head              = $8E17 ; G 
__rodata_arch_tail              = $8E17 ; G 
__rodata_clib_head              = $8E17 ; G 
__rodata_clib_tail              = $8E17 ; G 
__rodata_driver_head            = $8E17 ; G 
__rodata_driver_tail            = $8E17 ; G 
__rodata_error_string_end_head  = $8E17 ; G 
__rodata_error_strings_head     = $8E17 ; G 
__rodata_error_strings_tail     = $8E17 ; G 
__rodata_font_head              = $8E17 ; G 
__rodata_font_tail              = $8E17 ; G 
__rodata_error_string_end_tail  = $8E18 ; G 
__rodata_fcntl_head             = $8E18 ; G 
__rodata_fcntl_tail             = $8E18 ; G 
__rodata_font_4x8_head          = $8E18 ; G 
__rodata_font_4x8_tail          = $8E18 ; G 
__rodata_font_8x8_head          = $8E18 ; G 
__rodata_font_8x8_tail          = $8E18 ; G 
__rodata_font_fzx_head          = $8E18 ; G 
__rodata_font_fzx_tail          = $8E18 ; G 
__rodata_input_head             = $8E18 ; G 
in_key_translation_table        = $8E18 ; G in_key_translation_table
__CODE_END_head                 = $8EB8 ; G 
__CODE_END_tail                 = $8EB8 ; G 
__DATA_head                     = $8EB8 ; G 
__DATA_tail                     = $8EB8 ; G 
__data_align_128_head           = $8EB8 ; G 
__data_align_128_tail           = $8EB8 ; G 
__data_align_16_head            = $8EB8 ; G 
__data_align_16_tail            = $8EB8 ; G 
__data_align_256_head           = $8EB8 ; G 
__data_align_256_tail           = $8EB8 ; G 
__data_align_2_head             = $8EB8 ; G 
__data_align_2_tail             = $8EB8 ; G 
__data_align_32_head            = $8EB8 ; G 
__data_align_32_tail            = $8EB8 ; G 
__data_align_4_head             = $8EB8 ; G 
__data_align_4_tail             = $8EB8 ; G 
__data_align_64_head            = $8EB8 ; G 
__data_align_64_tail            = $8EB8 ; G 
__data_align_8_head             = $8EB8 ; G 
__data_align_8_tail             = $8EB8 ; G 
__data_alloc_balloc_head        = $8EB8 ; G 
__data_alloc_balloc_tail        = $8EB8 ; G 
__data_alloc_malloc_head        = $8EB8 ; G 
__data_clib_head                = $8EB8 ; G 
__data_clib_tail                = $8EB8 ; G 
__data_driver_head              = $8EB8 ; G 
__data_driver_tail              = $8EB8 ; G 
__data_font_head                = $8EB8 ; G 
__data_font_tail                = $8EB8 ; G 
__malloc_heap                   = $8EB8 ; G zx_crt
__rodata_SMSlib_head            = $8EB8 ; G 
__rodata_SMSlib_tail            = $8EB8 ; G 
__rodata_compiler_head          = $8EB8 ; G 
__rodata_compiler_tail          = $8EB8 ; G 
__rodata_input_tail             = $8EB8 ; G 
__rodata_lib_head               = $8EB8 ; G 
__rodata_lib_tail               = $8EB8 ; G 
__rodata_sound_bit_head         = $8EB8 ; G 
__rodata_sound_bit_tail         = $8EB8 ; G 
__rodata_stdio_head             = $8EB8 ; G 
__rodata_stdio_tail             = $8EB8 ; G 
__rodata_stdlib_head            = $8EB8 ; G 
__rodata_stdlib_tail            = $8EB8 ; G 
__rodata_user_head              = $8EB8 ; G 
__rodata_user_tail              = $8EB8 ; G 
__smc_clib_head                 = $8EB8 ; G 
__smc_clib_tail                 = $8EB8 ; G 
__smc_compiler_head             = $8EB8 ; G 
__smc_compiler_tail             = $8EB8 ; G 
__smc_driver_head               = $8EB8 ; G 
__smc_driver_tail               = $8EB8 ; G 
__smc_fcntl_head                = $8EB8 ; G 
__smc_fcntl_tail                = $8EB8 ; G 
__smc_font_head                 = $8EB8 ; G 
__smc_font_tail                 = $8EB8 ; G 
__smc_l_head                    = $8EB8 ; G 
__smc_l_tail                    = $8EB8 ; G 
__smc_lib_head                  = $8EB8 ; G 
__smc_lib_tail                  = $8EB8 ; G 
__smc_sound_bit_head            = $8EB8 ; G 
__smc_sound_bit_tail            = $8EB8 ; G 
__smc_user_head                 = $8EB8 ; G 
__smc_user_tail                 = $8EB8 ; G 
_GLOBAL_ZX_PORT_FE              = $8EBA ; G _GLOBAL_ZX_PORT_FE
__data_alloc_malloc_tail        = $8EBA ; G 
__data_arch_head                = $8EBA ; G 
__sound_bit_state               = $8EBA ; G __sound_bit_state
__data_arch_tail                = $8EBB ; G 
__data_fcntl_head               = $8EBB ; G 
__stdio_heap                    = $8EBB ; G zx_crt
__data_fcntl_stdio_heap_head_head = $8EBD ; G 
__data_fcntl_tail               = $8EBD ; G 
__stdio_block                   = $8EBD ; L zx_crt
__data_fcntl_stdio_heap_body_head = $8EC3 ; G 
__data_fcntl_stdio_heap_head_tail = $8EC3 ; G 
__i_fcntl_heap_0                = $8EC3 ; L zx_crt
__i_fcntl_fdstruct_0            = $8EC9 ; L zx_crt
__edit_buffer_0                 = $8EEC ; L zx_crt
__i_fcntl_heap_1                = $8F2C ; L zx_crt
__i_fcntl_fdstruct_1            = $8F32 ; L zx_crt
__i_fcntl_fdstruct_2            = $8F32 ; L zx_crt
__i_fcntl_heap_2                = $8F4F ; L zx_crt
__data_fcntl_stdio_heap_body_tail = $8FBB ; G 
__data_fcntl_stdio_heap_tail_head = $8FBB ; G 
__i_fcntl_heap_3                = $8FBB ; L zx_crt
__data_fcntl_fdtable_body_head  = $8FBD ; G 
__data_fcntl_stdio_heap_tail_tail = $8FBD ; G 
__fcntl_fdtbl                   = $8FBD ; G zx_crt
__data_PSGlib_head              = $8FC3 ; G 
__data_PSGlib_tail              = $8FC3 ; G 
__data_SMSlib_head              = $8FC3 ; G 
__data_SMSlib_tail              = $8FC3 ; G 
__data_fcntl_fdtable_body_tail  = $8FC3 ; G 
__data_sound_bit_head           = $8FC3 ; G 
__data_sound_bit_tail           = $8FC3 ; G 
__data_stdio_head               = $8FC3 ; G 
_stdin                          = $8FC3 ; G zx_crt
__i_stdio_file_0                = $8FC5 ; L zx_crt
_stdout                         = $8FD4 ; G zx_crt
__i_stdio_file_1                = $8FD6 ; L zx_crt
_stderr                         = $8FE5 ; G zx_crt
__i_stdio_file_2                = $8FE7 ; L zx_crt
__stdio_open_file_list          = $8FF6 ; G zx_crt
__stdio_closed_file_list        = $8FF8 ; G zx_crt
__data_stdio_tail               = $8FFC ; G 
__data_stdlib_head              = $8FFC ; G 
__stdlib_seed                   = $8FFC ; G __stdlib_seed
__data_stdlib_tail              = $9000 ; G 
__data_threads_head             = $9000 ; G 
__thrd_id                       = $9000 ; G zx_crt
__BSS_head                      = $9001 ; G 
__BSS_tail                      = $9001 ; G 
__DATA_END_head                 = $9001 ; G 
__DATA_END_tail                 = $9001 ; G 
__bss_align_128_head            = $9001 ; G 
__bss_align_128_tail            = $9001 ; G 
__bss_align_16_head             = $9001 ; G 
__bss_align_16_tail             = $9001 ; G 
__bss_align_256_head            = $9001 ; G 
__bss_align_256_tail            = $9001 ; G 
__bss_align_2_head              = $9001 ; G 
__bss_align_2_tail              = $9001 ; G 
__bss_align_32_head             = $9001 ; G 
__bss_align_32_tail             = $9001 ; G 
__bss_align_4_head              = $9001 ; G 
__bss_align_4_tail              = $9001 ; G 
__bss_align_64_head             = $9001 ; G 
__bss_align_64_tail             = $9001 ; G 
__bss_align_8_head              = $9001 ; G 
__bss_align_8_tail              = $9001 ; G 
__bss_alloc_balloc_head         = $9001 ; G 
__bss_alloc_balloc_tail         = $9001 ; G 
__bss_alloc_malloc_head         = $9001 ; G 
__bss_alloc_malloc_tail         = $9001 ; G 
__bss_arch_head                 = $9001 ; G 
__bss_arch_tail                 = $9001 ; G 
__bss_clib_head                 = $9001 ; G 
__bss_clib_tail                 = $9001 ; G 
__bss_compress_aplib_head       = $9001 ; G 
__bss_compress_aplib_tail       = $9001 ; G 
__bss_driver_head               = $9001 ; G 
__bss_driver_tail               = $9001 ; G 
__bss_error_head                = $9001 ; G 
__bss_font_head                 = $9001 ; G 
__bss_font_tail                 = $9001 ; G 
__data_compiler_head            = $9001 ; G 
__data_compiler_tail            = $9001 ; G 
__data_lib_head                 = $9001 ; G 
__data_lib_tail                 = $9001 ; G 
__data_threads_tail             = $9001 ; G 
__data_user_head                = $9001 ; G 
__data_user_tail                = $9001 ; G 
_errno                          = $9001 ; G _errno
__bss_PSGlib_head               = $9003 ; G 
__bss_PSGlib_tail               = $9003 ; G 
__bss_SMSlib_head               = $9003 ; G 
__bss_SMSlib_tail               = $9003 ; G 
__bss_error_tail                = $9003 ; G 
__bss_fcntl_head                = $9003 ; G 
__bss_fcntl_tail                = $9003 ; G 
__bss_input_head                = $9003 ; G 
__bss_input_tail                = $9003 ; G 
__bss_sound_bit_head            = $9003 ; G 
__bss_sound_bit_tail            = $9003 ; G 
__bss_stdio_head                = $9003 ; G 
__bss_stdio_tail                = $9003 ; G 
__bss_stdlib_head               = $9003 ; G 
__exit_stack                    = $9003 ; G zx_crt
__quickexit_stack               = $9004 ; G zx_crt
__bss_compiler_head             = $9005 ; G 
__bss_lib_head                  = $9005 ; G 
__bss_lib_tail                  = $9005 ; G 
__bss_stdlib_tail               = $9005 ; G 
__bss_string_head               = $9005 ; G 
__bss_string_tail               = $9005 ; G 
_i                              = $9005 ; G stars_c
_stars                          = $9007 ; G stars_c
__BSS_UNINITIALIZED_head        = $909D ; G 
__bss_compiler_tail             = $909D ; G 
__bss_user_head                 = $909D ; G 
__bss_user_tail                 = $909D ; G 
__sp_or_ret                     = $909D ; L zx_crt
__BSS_END_head                  = $909F ; G 
__BSS_END_tail                  = $909F ; G 
__BSS_UNINITIALIZED_tail        = $909F ; G 
__NIRVANAM_TILE_IMAGES          = $BB80 ; G zx_crt
__NIRVANAP_TILE_IMAGES          = $BB80 ; G zx_crt
__BIFROSTH_TILE_IMAGES          = $BD74 ; G zx_crt
__BIFROSTL_TILE_IMAGES          = $BD74 ; G zx_crt
__IO_ULAP_REGISTER              = $BF3B ; G zx_crt
__BIFROST2_TILE_IMAGES          = $BF68 ; G zx_crt
CRT_ORG_BANK_00                 = $C000 ; L zx_crt
CRT_ORG_BANK_01                 = $C000 ; L zx_crt
CRT_ORG_BANK_02                 = $C000 ; L zx_crt
CRT_ORG_BANK_03                 = $C000 ; L zx_crt
CRT_ORG_BANK_04                 = $C000 ; L zx_crt
CRT_ORG_BANK_05                 = $C000 ; L zx_crt
CRT_ORG_BANK_06                 = $C000 ; L zx_crt
CRT_ORG_BANK_07                 = $C000 ; L zx_crt
__BANK_00_head                  = $C000 ; G 
__BANK_00_tail                  = $C000 ; G 
__BANK_01_head                  = $C000 ; G 
__BANK_01_tail                  = $C000 ; G 
__BANK_02_head                  = $C000 ; G 
__BANK_02_tail                  = $C000 ; G 
__BANK_03_head                  = $C000 ; G 
__BANK_03_tail                  = $C000 ; G 
__BANK_04_head                  = $C000 ; G 
__BANK_04_tail                  = $C000 ; G 
__BANK_05_head                  = $C000 ; G 
__BANK_05_tail                  = $C000 ; G 
__BANK_06_head                  = $C000 ; G 
__BANK_06_tail                  = $C000 ; G 
__BANK_07_head                  = $C000 ; G 
__BANK_07_tail                  = $C000 ; G 
__IGNORE_head                   = $C000 ; G 
__IGNORE_tail                   = $C000 ; G 
__size                          = $C000 ; G 
__tail                          = $C000 ; G 
IOCTL_ITERM_CAPS                = $C009 ; G zx_crt
IOCTL_ITERM_COOK                = $C011 ; G zx_crt
IOCTL_OTERM_CRLF                = $C012 ; G zx_crt
IOCTL_OCHAR_CRLF                = $C014 ; G zx_crt
IOCTL_ITERM_LINE                = $C021 ; G zx_crt
IOCTL_OTERM_COOK                = $C022 ; G zx_crt
IOCTL_ITERM_PASS                = $C041 ; G zx_crt
IOCTL_OTERM_PAUSE               = $C042 ; G zx_crt
IOCTL_ITERM_ECHO                = $C081 ; G zx_crt
IOCTL_OTERM_PAGE                = $C082 ; G zx_crt
IOCTL_ITERM_CRLF                = $C101 ; G zx_crt
IOCTL_OTERM_BELL                = $C102 ; G zx_crt
IOCTL_ICHAR_CRLF                = $C103 ; G zx_crt
IOCTL_ITERM_CURS                = $C201 ; G zx_crt
IOCTL_OTERM_SIGNAL              = $C202 ; G zx_crt
SP1V_UPDATELISTH                = $D1ED ; G zx_crt
SP1V_UPDATELISTT                = $D1EF ; G zx_crt
SP1V_PIXELBUFFER                = $D1F7 ; G zx_crt
SP1V_ATTRBUFFER                 = $D1FF ; G zx_crt
SP1V_UPDATEARRAY                = $D200 ; G zx_crt
__NIRVANAM_WIDE_IMAGES          = $D2F0 ; G zx_crt
__NIRVANAP_WIDE_IMAGES          = $D2F0 ; G zx_crt
IOCTL_OTERM_CLEAR               = $E002 ; G zx_crt
SP1V_ROTTBL                     = $F000 ; G zx_crt
SP1V_TILEARRAY                  = $F000 ; G zx_crt
_NIRVANAP_HOLE                  = $FB06 ; G zx_crt
__NIRVANAP_HOLE                 = $FB06 ; G zx_crt
_BIFROST2_HOLE                  = $FD47 ; G zx_crt
__BIFROST2_HOLE                 = $FD47 ; G zx_crt
_NIRVANAM_HOLE                  = $FDE2 ; G zx_crt
__NIRVANAM_HOLE                 = $FDE2 ; G zx_crt
__BIFROST2_TILE_MAP             = $FF01 ; G zx_crt
__BIFROSTH_TILE_MAP             = $FF01 ; G zx_crt
__BIFROSTL_TILE_MAP             = $FF01 ; G zx_crt
__IO_ULAP_DATA                  = $FF3B ; G zx_crt
TAR__register_sp                = $FF58 ; L zx_crt
__register_sp                   = $FF58 ; L zx_crt
__CLIB_OPT_PRINTF_lo            = $10000 ; G zx_crt
__CLIB_OPT_SCANF_lo             = $10000 ; G zx_crt
__CLIB_OPT_PRINTF_ln            = $20000 ; G zx_crt
__CLIB_OPT_SCANF_ln             = $20000 ; G zx_crt
TAR__crt_on_exit                = $30002 ; L zx_crt
__crt_on_exit                   = $30002 ; L zx_crt
__CLIB_OPT_PRINTF_li            = $40000 ; G zx_crt
__CLIB_OPT_SCANF_li             = $40000 ; G zx_crt
__CLIB_OPT_PRINTF_lp            = $80000 ; G zx_crt
__CLIB_OPT_SCANF_lp             = $80000 ; G zx_crt
__CLIB_OPT_PRINTF_lB            = $100000 ; G zx_crt
__CLIB_OPT_SCANF_lB             = $100000 ; G zx_crt
__CLIB_OPT_SCANF_BRACKET        = $200000 ; G zx_crt
__CLIB_OPT_PRINTF               = $2FF6FF ; G zx_crt
__CLIB_OPT_SCANF                = $2FF6FF ; G zx_crt
__CPU_CLOCK                     = $3567E0 ; L asm_z80_delay_ms
__CPU_CLOCK                     = $3567E0 ; L zx_01_output_char_32_iterm_msg_bell
__CPU_CLOCK                     = $3567E0 ; L zx_01_output_char_32_oterm_msg_bell
__CPU_CLOCK                     = $3567E0 ; G zx_crt
__CLIB_OPT_PRINTF_a             = $400000 ; G zx_crt
__CLIB_OPT_SCANF_a              = $400000 ; G zx_crt
__CLIB_OPT_PRINTF_A             = $800000 ; G zx_crt
__CLIB_OPT_SCANF_A              = $800000 ; G zx_crt
__CLIB_OPT_PRINTF_e             = $1000000 ; G zx_crt
__CLIB_OPT_SCANF_e              = $1000000 ; G zx_crt
__CLIB_OPT_PRINTF_E             = $2000000 ; G zx_crt
__CLIB_OPT_SCANF_E              = $2000000 ; G zx_crt
__CLIB_OPT_PRINTF_f             = $4000000 ; G zx_crt
__CLIB_OPT_SCANF_f              = $4000000 ; G zx_crt
__CLIB_OPT_PRINTF_F             = $8000000 ; G zx_crt
__CLIB_OPT_SCANF_F              = $8000000 ; G zx_crt
__CLIB_OPT_PRINTF_g             = $10000000 ; G zx_crt
__CLIB_OPT_SCANF_g              = $10000000 ; G zx_crt
__CLIB_OPT_PRINTF_G             = $20000000 ; G zx_crt
__CLIB_OPT_SCANF_G              = $20000000 ; G zx_crt
